INFO         | Android emulator version 37.1.11.0 (build_id 15917651) (CL:N/A)
INFO         | Graphics backend: gfxstream
INFO         | Found systemPath C:\Android\system-images\android-36.1\google_apis_playstore\x86_64\
INFO         | Guest usage of host flag 'VulkanVirtualQueue' will be ignored.
INFO         | Increasing RAM size to 2560MB
INFO         | IPv4 server found: 192.168.1.254
INFO         | Ignore IPv6 address: e0ec:b9c2:2302:0:e0ec:b9c2:2302:0
INFO         | Ignore IPv6 address: e0ec:b9c2:2302:0:e0ec:b9c2:2302:0
INFO         | Ignore IPv6 address: e0ec:b9c2:2302:0:e0ec:b9c2:2302:0
INFO         | Ignore IPv6 address: d0f2:b9c2:2302:0:e0ec:b9c2:2302:0
INFO         | Ignore IPv6 address: d0f2:b9c2:2302:0:e0ec:b9c2:2302:0
INFO         | Ignore IPv6 address: d0f2:b9c2:2302:0:e0ec:b9c2:2302:0
INFO         | Ignore IPv6 address: f0f8:b9c2:2302:0:e0ec:b9c2:2302:0
INFO         | Ignore IPv6 address: f0f8:b9c2:2302:0:e0ec:b9c2:2302:0
INFO         | Ignore IPv6 address: f0f8:b9c2:2302:0:e0ec:b9c2:2302:0
INFO         | Ignore IPv6 address: f00a:bac2:2302:0:e0ec:b9c2:2302:0
INFO         | Ignore IPv6 address: f00a:bac2:2302:0:e0ec:b9c2:2302:0
INFO         | Ignore IPv6 address: f00a:bac2:2302:0:e0ec:b9c2:2302:0
INFO         | Ignore IPv6 address: 1011:bac2:2302:0:e0ec:b9c2:2302:0
INFO         | Ignore IPv6 address: 1011:bac2:2302:0:e0ec:b9c2:2302:0
INFO         | Ignore IPv6 address: 1011:bac2:2302:0:e0ec:b9c2:2302:0
INFO         | Guest GLES Driver: Auto (ext controls)
INFO         | emuglConfig_init: vulkan_mode_selected:lavapipe gles_mode_selected:swiftshader
INFO         | Checking system compatibility:
INFO         |   Checking: hasCompatibleHypervisor
INFO         |      Ok: Hypervisor compatibility to run avd: `Medium_Phone_API_36.1` are met
INFO         |   Checking: hasSufficientSystem
INFO         |      Ok: System requirements to run avd: `Medium_Phone_API_36.1` are met
INFO         |   Checking: hasSufficientHwGpu
INFO         |      Ok: Hardware GPU compatibility checks are not required
INFO         |   Checking: hasSufficientDiskSpace
INFO         |      Ok: Disk space requirements to run avd: `Medium_Phone_API_36.1` are met
INFO         | Storing crashdata in: C:\Users\rauna\AppData\Local\Temp\\AndroidEmulator\emu-crash-37.1.11.db, detection is enabled for process: 9448
INFO         | Initializing gfxstream backend
INFO         | startOpenglesRendererImpl: gpu info
INFO         | GPU #1
  Make: 10de
  Model: NVIDIA GeForce GTX 1650
  Device ID: 1f91

INFO         | Disabling implicit Vulkan layers to avoid compatibility issues. Set VK_LOADER_LAYERS_DISABLE manually to disable this behavior.
INFO         | initIcdPaths: ICD set to 'lavapipe', using Lavapipe ICD
INFO         | Setting ICD filenames for the loader = C:\Android\emulator\lib64\vulkan\lvp_icd.json
INFO         | SharedLibrary::open for [C:\Android\emulator\qemu\windows-x86_64\lib64\vulkan\vulkan-1.dll]
INFO         | SharedLibrary::open for [C:\Android\emulator\lib64\vulkan\vulkan-1.dll]
INFO         | Added library: C:\Android\emulator\lib64\vulkan\vulkan-1.dll
INFO         | Selecting Vulkan device: llvmpipe (LLVM 21.1.2, 256 bits), Version: 1.4.318
INFO         | Using Vulkan externalMemoryMode: HostAllocation for VkEmulation
INFO         | Initializing VkEmulation features:
INFO         |     glInteropSupported: false
INFO         |     useDeferredCommands: true
INFO         |     createResourceWithRequirements: true
INFO         |     useVulkanComposition: false
INFO         |     useVulkanNativeSwapchain: false
INFO         |     enable guestRenderDoc: false
INFO         |     ASTC LDR emulation mode: Gpu
INFO         |     enable ETC2 emulation: true
INFO         |     enable Ycbcr emulation: false
INFO         |     guestVulkanOnly: false
INFO         |     useDedicatedAllocations: false
INFO         |     guestVulkanMaxApiVersion: 1.3.0
INFO         |     enableProtectedMemoryEmulation: false
INFO         | Graphics Adapter Vendor Google (Google Inc.)
INFO         | Graphics Adapter Android Emulator OpenGL ES Translator (Google SwiftShader)
INFO         | Graphics API Version OpenGL ES 3.0 (OpenGL ES 3.0 SwiftShader 4.0.0.1)
INFO         | Graphics API Extensions GL_OES_EGL_sync GL_OES_EGL_image GL_OES_EGL_image_external GL_OES_depth24 GL_OES_depth32 GL_OES_element_index_uint GL_OES_texture_float GL_OES_texture_float_linear GL_OES_compressed_paletted_texture GL_OES_compressed_ETC1_RGB8_texture GL_OES_depth_texture GL_OES_texture_half_float GL_OES_texture_half_float_linear GL_OES_packed_depth_stencil GL_OES_vertex_half_float GL_OES_standard_derivatives GL_OES_texture_npot GL_OES_rgb8_rgba8 GL_EXT_color_buffer_float GL_EXT_color_buffer_half_float GL_EXT_texture_format_BGRA8888 GL_APPLE_texture_format_BGRA8888 
INFO         | Graphics Device Extensions N/A
INFO         | Disabling sparse binding feature support
INFO         | Sending adb public key [QAAAAOGtq3zfqepByMIMxGSFA5slQUCgGdJLLUCaMRlI3kGC1uQaRq+PCzNmVApg9AcDT6uekdTY40K6uinBwCgO16LjiHmT+Bsz4L2Vw/D6u0v6ybR4zkoZSsfuv6Y+iXe3ugVKgGqA5tw4Gt3wXX5fliRobLsGjvys0MecU3EfgoVjFlaV3HsKG3Y5pnCcLMpjiROihUFp2nC80pJHaJvekxEfUoMgsYogWQkkYAQh7ox9jzllKrEv1oBdZFJkWQV+mzjY5E1mvx+d9lcFaz0Vhci3is1H6/y8owVjnIDMGaiiiB9wjTVkJJNXOZJSmXg5NKXCCMFIu9pUSm+vVM693J5FpqWVdV9NOg+bZcVHZBDsZQnpPxZ4VRdkDJ68TxqmFZWT8JXbt7x6ucAlURHT1h1a8pUo0eEg4QGVcL+ccWFyB7TT92DF88sUGTWKgLv/Eos/g8fK0Wa9fF/rXkZQnckK83KnpewaKjfsADkIUqo7AtXRKKp+GuQhqEKNlXnQKl1iGGxfO4Gccmfksa8vRjFI2wTlZQgHwkOO4PSJmsgbvVDSvGl8k94aYQe4NyQ5vwn0KJI58w6TeRBb1YVZve5FjE0siSsgXbr2T62cUkiftNjaSsn0yrNQS37B1msEoCeiEVCxA8e3k5+h4Zf/bip1KBHa/vfx0dA+dARsyiBUL6avJwEAAQA= @unknown]
INFO         | Userspace boot properties:
INFO         |   androidboot.boot_devices=pci0000:00/0000:00:03.0 pci0000:00/0000:00:06.0
INFO         |   androidboot.dalvik.vm.heapsize=576m
INFO         |   androidboot.debug.hwui.renderer=skiagl
INFO         |   androidboot.hardware=ranchu
INFO         |   androidboot.hardware.gltransport=pipe
INFO         |   androidboot.hardware.vulkan=ranchu
INFO         |   androidboot.logcat=*:V
INFO         |   androidboot.opengles.version=196608
INFO         |   androidboot.qemu=1
INFO         |   androidboot.qemu.adb.pubkey=QAAAAOGtq3zfqepByMIMxGSFA5slQUCgGdJLLUCaMRlI3kGC1uQaRq+PCzNmVApg9AcDT6uekdTY40K6uinBwCgO16LjiHmT+Bsz4L2Vw/D6u0v6ybR4zkoZSsfuv6Y+iXe3ugVKgGqA5tw4Gt3wXX5fliRobLsGjvys0MecU3EfgoVjFlaV3HsKG3Y5pnCcLMpjiROihUFp2nC80pJHaJvekxEfUoMgsYogWQkkYAQh7ox9jzllKrEv1oBdZFJkWQV+mzjY5E1mvx+d9lcFaz0Vhci3is1H6/y8owVjnIDMGaiiiB9wjTVkJJNXOZJSmXg5NKXCCMFIu9pUSm+vVM693J5FpqWVdV9NOg+bZcVHZBDsZQnpPxZ4VRdkDJ68TxqmFZWT8JXbt7x6ucAlURHT1h1a8pUo0eEg4QGVcL+ccWFyB7TT92DF88sUGTWKgLv/Eos/g8fK0Wa9fF/rXkZQnckK83KnpewaKjfsADkIUqo7AtXRKKp+GuQhqEKNlXnQKl1iGGxfO4Gccmfksa8vRjFI2wTlZQgHwkOO4PSJmsgbvVDSvGl8k94aYQe4NyQ5vwn0KJI58w6TeRBb1YVZve5FjE0siSsgXbr2T62cUkiftNjaSsn0yrNQS37B1msEoCeiEVCxA8e3k5+h4Zf/bip1KBHa/vfx0dA+dARsyiBUL6avJwEAAQA= @unknown
INFO         |   androidboot.qemu.avd_name=Medium_Phone_API_36.1
INFO         |   androidboot.qemu.camera_hq_edge_processing=0
INFO         |   androidboot.qemu.camera_protocol_ver=1
INFO         |   androidboot.qemu.cpuvulkan.version=4206592
INFO         |   androidboot.qemu.gltransport.drawFlushInterval=800
INFO         |   androidboot.qemu.gltransport.name=pipe
INFO         |   androidboot.qemu.hwcodec.avcdec=2
INFO         |   androidboot.qemu.hwcodec.hevcdec=2
INFO         |   androidboot.qemu.hwcodec.vpxdec=2
INFO         |   androidboot.qemu.settings.system.screen_off_timeout=2147483647
INFO         |   androidboot.qemu.skin=1080x2400
INFO         |   androidboot.qemu.virtiowifi=1
INFO         |   androidboot.qemu.vsync=60
INFO         |   androidboot.serialno=EMULATOR37X1X11X0
INFO         |   androidboot.vbmeta.digest=8c6ff42bff8696120e63308883e0cfad21d048439d53af334ec09bf5eb680f47
INFO         |   androidboot.vbmeta.hash_alg=sha256
INFO         |   androidboot.vbmeta.size=6720
INFO         |   androidboot.veritymode=enforcing
AEHD is operational
