INSTRUMENTATION_STATUS: class=com.rauna.scratcher.LifeFlowTest
INSTRUMENTATION_STATUS: current=1
INSTRUMENTATION_STATUS: id=AndroidJUnitRunner
INSTRUMENTATION_STATUS: numtests=6
INSTRUMENTATION_STATUS: stream=
com.rauna.scratcher.LifeFlowTest:
INSTRUMENTATION_STATUS: test=earnBuyRevealCollectAndRestore
INSTRUMENTATION_STATUS_CODE: 1
INSTRUMENTATION_STATUS: class=com.rauna.scratcher.LifeFlowTest
INSTRUMENTATION_STATUS: current=1
INSTRUMENTATION_STATUS: id=AndroidJUnitRunner
INSTRUMENTATION_STATUS: numtests=6
INSTRUMENTATION_STATUS: stream=.
INSTRUMENTATION_STATUS: test=earnBuyRevealCollectAndRestore
INSTRUMENTATION_STATUS_CODE: 0
INSTRUMENTATION_STATUS: class=com.rauna.scratcher.LifeArcadeTest
INSTRUMENTATION_STATUS: current=2
INSTRUMENTATION_STATUS: id=AndroidJUnitRunner
INSTRUMENTATION_STATUS: numtests=6
INSTRUMENTATION_STATUS: stream=
com.rauna.scratcher.LifeArcadeTest:
INSTRUMENTATION_STATUS: test=dragServePanelScratchCollectAndSoundPreference
INSTRUMENTATION_STATUS_CODE: 1
INSTRUMENTATION_STATUS: class=com.rauna.scratcher.LifeArcadeTest
INSTRUMENTATION_STATUS: current=2
INSTRUMENTATION_STATUS: id=AndroidJUnitRunner
INSTRUMENTATION_STATUS: numtests=6
INSTRUMENTATION_STATUS: stream=.
INSTRUMENTATION_STATUS: test=dragServePanelScratchCollectAndSoundPreference
INSTRUMENTATION_STATUS_CODE: 0
INSTRUMENTATION_STATUS: class=com.rauna.scratcher.LifeAudioTest
INSTRUMENTATION_STATUS: current=3
INSTRUMENTATION_STATUS: id=AndroidJUnitRunner
INSTRUMENTATION_STATUS: numtests=6
INSTRUMENTATION_STATUS: stream=
com.rauna.scratcher.LifeAudioTest:
INSTRUMENTATION_STATUS: test=packagedSamplesDecodePlayAndReleaseSafely
INSTRUMENTATION_STATUS_CODE: 1
INSTRUMENTATION_STATUS: class=com.rauna.scratcher.LifeAudioTest
INSTRUMENTATION_STATUS: current=3
INSTRUMENTATION_STATUS: id=AndroidJUnitRunner
INSTRUMENTATION_STATUS: numtests=6
INSTRUMENTATION_STATUS: stream=.
INSTRUMENTATION_STATUS: test=packagedSamplesDecodePlayAndReleaseSafely
INSTRUMENTATION_STATUS_CODE: 0
INSTRUMENTATION_STATUS: class=com.rauna.scratcher.LifeStoreTest
INSTRUMENTATION_STATUS: current=4
INSTRUMENTATION_STATUS: id=AndroidJUnitRunner
INSTRUMENTATION_STATUS: numtests=6
INSTRUMENTATION_STATUS: stream=
com.rauna.scratcher.LifeStoreTest:
INSTRUMENTATION_STATUS: test=corruptionIsRejectedWithoutDeletingData
INSTRUMENTATION_STATUS_CODE: 1
INSTRUMENTATION_STATUS: class=com.rauna.scratcher.LifeStoreTest
INSTRUMENTATION_STATUS: current=4
INSTRUMENTATION_STATUS: id=AndroidJUnitRunner
INSTRUMENTATION_STATUS: numtests=6
INSTRUMENTATION_STATUS: stream=.
INSTRUMENTATION_STATUS: test=corruptionIsRejectedWithoutDeletingData
INSTRUMENTATION_STATUS_CODE: 0
INSTRUMENTATION_STATUS: class=com.rauna.scratcher.LifeStoreTest
INSTRUMENTATION_STATUS: current=5
INSTRUMENTATION_STATUS: id=AndroidJUnitRunner
INSTRUMENTATION_STATUS: numtests=6
INSTRUMENTATION_STATUS: stream=
INSTRUMENTATION_STATUS: test=migrationPreservesLegacyAndCommittedTicket
INSTRUMENTATION_STATUS_CODE: 1
INSTRUMENTATION_STATUS: class=com.rauna.scratcher.LifeStoreTest
INSTRUMENTATION_STATUS: current=5
INSTRUMENTATION_STATUS: id=AndroidJUnitRunner
INSTRUMENTATION_STATUS: numtests=6
INSTRUMENTATION_STATUS: stream=.
INSTRUMENTATION_STATUS: test=migrationPreservesLegacyAndCommittedTicket
INSTRUMENTATION_STATUS_CODE: 0
INSTRUMENTATION_STATUS: class=com.rauna.scratcher.LifeCoatingTest
INSTRUMENTATION_STATUS: current=6
INSTRUMENTATION_STATUS: id=AndroidJUnitRunner
INSTRUMENTATION_STATUS: numtests=6
INSTRUMENTATION_STATUS: stream=
com.rauna.scratcher.LifeCoatingTest:
INSTRUMENTATION_STATUS: test=erasureRollbackAndRestoreReuseBitmapInBothStyles
INSTRUMENTATION_STATUS_CODE: 1
INSTRUMENTATION_STATUS: class=com.rauna.scratcher.LifeCoatingTest
INSTRUMENTATION_STATUS: current=6
INSTRUMENTATION_STATUS: id=AndroidJUnitRunner
INSTRUMENTATION_STATUS: numtests=6
INSTRUMENTATION_STATUS: stream=.
INSTRUMENTATION_STATUS: test=erasureRollbackAndRestoreReuseBitmapInBothStyles
INSTRUMENTATION_STATUS_CODE: 0
INSTRUMENTATION_RESULT: stream=

Time: 42.253

OK (6 tests)


INSTRUMENTATION_CODE: -1
