INSTRUMENTATION_STATUS: class=com.rauna.scratcher.LifeFlowTest
INSTRUMENTATION_STATUS: current=1
INSTRUMENTATION_STATUS: id=AndroidJUnitRunner
INSTRUMENTATION_STATUS: numtests=4
INSTRUMENTATION_STATUS: stream=
com.rauna.scratcher.LifeFlowTest:
INSTRUMENTATION_STATUS: test=earnBuyRevealCollectAndRestore
INSTRUMENTATION_STATUS_CODE: 1
INSTRUMENTATION_STATUS: class=com.rauna.scratcher.LifeFlowTest
INSTRUMENTATION_STATUS: current=1
INSTRUMENTATION_STATUS: id=AndroidJUnitRunner
INSTRUMENTATION_STATUS: numtests=4
INSTRUMENTATION_STATUS: stack=java.lang.IllegalStateException
	at android.graphics.Bitmap.setPixel(Bitmap.java:2410)
	at com.rauna.scratcher.LifeCoating.update(LifeCoating.kt:27)
	at com.rauna.scratcher.LifeActivityKt$RealScratchCard$1$1.invokeSuspend(LifeActivity.kt:183)
	at kotlin.coroutines.jvm.internal.BaseContinuationImpl.resumeWith(ContinuationImpl.kt:33)
	at androidx.compose.ui.test.ApplyingContinuationInterceptor$SendApplyContinuation.resumeWith(ApplyingContinuationInterceptor.kt:65)
	at androidx.compose.ui.test.FrameDeferringContinuationInterceptor$TrampolinedTask.resume(FrameDeferringContinuationInterceptor.jvm.kt:137)
	at androidx.compose.ui.test.FrameDeferringContinuationInterceptor.runWithoutResumingCoroutines(FrameDeferringContinuationInterceptor.jvm.kt:75)
	at androidx.compose.ui.test.TestMonotonicFrameClock.performFrame(TestMonotonicFrameClock.jvm.kt:132)
	at androidx.compose.ui.test.TestMonotonicFrameClock.access$performFrame(TestMonotonicFrameClock.jvm.kt:53)
	at androidx.compose.ui.test.TestMonotonicFrameClock$withFrameNanos$2$1$2.invokeSuspend(TestMonotonicFrameClock.jvm.kt:110)
	at kotlin.coroutines.jvm.internal.BaseContinuationImpl.resumeWith(ContinuationImpl.kt:33)
	at kotlinx.coroutines.DispatchedTaskKt.resume(DispatchedTask.kt:231)
	at kotlinx.coroutines.DispatchedTaskKt.dispatch(DispatchedTask.kt:164)
	at kotlinx.coroutines.CancellableContinuationImpl.dispatchResume(CancellableContinuationImpl.kt:470)
	at kotlinx.coroutines.CancellableContinuationImpl.resumeImpl(CancellableContinuationImpl.kt:504)
	at kotlinx.coroutines.CancellableContinuationImpl.resumeImpl$default(CancellableContinuationImpl.kt:493)
	at kotlinx.coroutines.CancellableContinuationImpl.resumeUndispatched(CancellableContinuationImpl.kt:591)
	at kotlinx.coroutines.test.CancellableContinuationRunnable.run(TestDispatcher.kt:60)
	at kotlinx.coroutines.test.TestDispatcher.processEvent$kotlinx_coroutines_test(TestDispatcher.kt:24)
	at kotlinx.coroutines.test.TestCoroutineScheduler.runCurrent(TestCoroutineScheduler.kt:132)
	at androidx.compose.ui.test.junit4.AbstractMainTestClock$advanceDispatcher$1.invoke(AbstractMainTestClock.jvm.kt:74)
	at androidx.compose.ui.test.junit4.AbstractMainTestClock$advanceDispatcher$1.invoke(AbstractMainTestClock.jvm.kt:67)
	at androidx.compose.ui.test.junit4.AndroidSynchronization_androidKt.runOnUiThread$lambda$0(AndroidSynchronization.android.kt:37)
	at androidx.compose.ui.test.junit4.AndroidSynchronization_androidKt.$r8$lambda$oTeokcQEO3BSEF5tPium9-gAeS0(Unknown Source:0)
	at androidx.compose.ui.test.junit4.AndroidSynchronization_androidKt$$ExternalSyntheticLambda0.call(D8$$SyntheticClass:0)
	at java.util.concurrent.FutureTask.run(FutureTask.java:317)
	at java.util.concurrent.Executors$RunnableAdapter.call(Executors.java:520)
	at java.util.concurrent.FutureTask.run(FutureTask.java:317)
	at android.app.Instrumentation$SyncRunnable.run(Instrumentation.java:2647)
	at android.os.Handler.handleCallback(Handler.java:1070)
	at android.os.Handler.dispatchMessage(Handler.java:125)
	at android.os.Looper.dispatchMessage(Looper.java:333)
	at android.os.Looper.loopOnce(Looper.java:263)
	at android.os.Looper.loop(Looper.java:367)
	at android.app.ActivityThread.main(ActivityThread.java:9287)
	at java.lang.reflect.Method.invoke(Native Method)
	at com.android.internal.os.RuntimeInit$MethodAndArgsCaller.run(RuntimeInit.java:566)
	at com.android.internal.os.ZygoteInit.main(ZygoteInit.java:929)

INSTRUMENTATION_STATUS: stream=
Error in earnBuyRevealCollectAndRestore(com.rauna.scratcher.LifeFlowTest):
java.lang.IllegalStateException
	at android.graphics.Bitmap.setPixel(Bitmap.java:2410)
	at com.rauna.scratcher.LifeCoating.update(LifeCoating.kt:27)
	at com.rauna.scratcher.LifeActivityKt$RealScratchCard$1$1.invokeSuspend(LifeActivity.kt:183)
	at kotlin.coroutines.jvm.internal.BaseContinuationImpl.resumeWith(ContinuationImpl.kt:33)
	at androidx.compose.ui.test.ApplyingContinuationInterceptor$SendApplyContinuation.resumeWith(ApplyingContinuationInterceptor.kt:65)
	at androidx.compose.ui.test.FrameDeferringContinuationInterceptor$TrampolinedTask.resume(FrameDeferringContinuationInterceptor.jvm.kt:137)
	at androidx.compose.ui.test.FrameDeferringContinuationInterceptor.runWithoutResumingCoroutines(FrameDeferringContinuationInterceptor.jvm.kt:75)
	at androidx.compose.ui.test.TestMonotonicFrameClock.performFrame(TestMonotonicFrameClock.jvm.kt:132)
	at androidx.compose.ui.test.TestMonotonicFrameClock.access$performFrame(TestMonotonicFrameClock.jvm.kt:53)
	at androidx.compose.ui.test.TestMonotonicFrameClock$withFrameNanos$2$1$2.invokeSuspend(TestMonotonicFrameClock.jvm.kt:110)
	at kotlin.coroutines.jvm.internal.BaseContinuationImpl.resumeWith(ContinuationImpl.kt:33)
	at kotlinx.coroutines.DispatchedTaskKt.resume(DispatchedTask.kt:231)
	at kotlinx.coroutines.DispatchedTaskKt.dispatch(DispatchedTask.kt:164)
	at kotlinx.coroutines.CancellableContinuationImpl.dispatchResume(CancellableContinuationImpl.kt:470)
	at kotlinx.coroutines.CancellableContinuationImpl.resumeImpl(CancellableContinuationImpl.kt:504)
	at kotlinx.coroutines.CancellableContinuationImpl.resumeImpl$default(CancellableContinuationImpl.kt:493)
	at kotlinx.coroutines.CancellableContinuationImpl.resumeUndispatched(CancellableContinuationImpl.kt:591)
	at kotlinx.coroutines.test.CancellableContinuationRunnable.run(TestDispatcher.kt:60)
	at kotlinx.coroutines.test.TestDispatcher.processEvent$kotlinx_coroutines_test(TestDispatcher.kt:24)
	at kotlinx.coroutines.test.TestCoroutineScheduler.runCurrent(TestCoroutineScheduler.kt:132)
	at androidx.compose.ui.test.junit4.AbstractMainTestClock$advanceDispatcher$1.invoke(AbstractMainTestClock.jvm.kt:74)
	at androidx.compose.ui.test.junit4.AbstractMainTestClock$advanceDispatcher$1.invoke(AbstractMainTestClock.jvm.kt:67)
	at androidx.compose.ui.test.junit4.AndroidSynchronization_androidKt.runOnUiThread$lambda$0(AndroidSynchronization.android.kt:37)
	at androidx.compose.ui.test.junit4.AndroidSynchronization_androidKt.$r8$lambda$oTeokcQEO3BSEF5tPium9-gAeS0(Unknown Source:0)
	at androidx.compose.ui.test.junit4.AndroidSynchronization_androidKt$$ExternalSyntheticLambda0.call(D8$$SyntheticClass:0)
	at java.util.concurrent.FutureTask.run(FutureTask.java:317)
	at java.util.concurrent.Executors$RunnableAdapter.call(Executors.java:520)
	at java.util.concurrent.FutureTask.run(FutureTask.java:317)
	at android.app.Instrumentation$SyncRunnable.run(Instrumentation.java:2647)
	at android.os.Handler.handleCallback(Handler.java:1070)
	at android.os.Handler.dispatchMessage(Handler.java:125)
	at android.os.Looper.dispatchMessage(Looper.java:333)
	at android.os.Looper.loopOnce(Looper.java:263)
	at android.os.Looper.loop(Looper.java:367)
	at android.app.ActivityThread.main(ActivityThread.java:9287)
	at java.lang.reflect.Method.invoke(Native Method)
	at com.android.internal.os.RuntimeInit$MethodAndArgsCaller.run(RuntimeInit.java:566)
	at com.android.internal.os.ZygoteInit.main(ZygoteInit.java:929)

INSTRUMENTATION_STATUS: test=earnBuyRevealCollectAndRestore
INSTRUMENTATION_STATUS_CODE: -2
INSTRUMENTATION_STATUS: class=com.rauna.scratcher.LifeStoreTest
INSTRUMENTATION_STATUS: current=2
INSTRUMENTATION_STATUS: id=AndroidJUnitRunner
INSTRUMENTATION_STATUS: numtests=4
INSTRUMENTATION_STATUS: stream=
com.rauna.scratcher.LifeStoreTest:
INSTRUMENTATION_STATUS: test=corruptionIsRejectedWithoutDeletingData
INSTRUMENTATION_STATUS_CODE: 1
INSTRUMENTATION_STATUS: class=com.rauna.scratcher.LifeStoreTest
INSTRUMENTATION_STATUS: current=2
INSTRUMENTATION_STATUS: id=AndroidJUnitRunner
INSTRUMENTATION_STATUS: numtests=4
INSTRUMENTATION_STATUS: stream=.
INSTRUMENTATION_STATUS: test=corruptionIsRejectedWithoutDeletingData
INSTRUMENTATION_STATUS_CODE: 0
INSTRUMENTATION_STATUS: class=com.rauna.scratcher.LifeStoreTest
INSTRUMENTATION_STATUS: current=3
INSTRUMENTATION_STATUS: id=AndroidJUnitRunner
INSTRUMENTATION_STATUS: numtests=4
INSTRUMENTATION_STATUS: stream=
INSTRUMENTATION_STATUS: test=migrationPreservesLegacyAndCommittedTicket
INSTRUMENTATION_STATUS_CODE: 1
INSTRUMENTATION_STATUS: class=com.rauna.scratcher.LifeStoreTest
INSTRUMENTATION_STATUS: current=3
INSTRUMENTATION_STATUS: id=AndroidJUnitRunner
INSTRUMENTATION_STATUS: numtests=4
INSTRUMENTATION_STATUS: stream=.
INSTRUMENTATION_STATUS: test=migrationPreservesLegacyAndCommittedTicket
INSTRUMENTATION_STATUS_CODE: 0
INSTRUMENTATION_STATUS: class=com.rauna.scratcher.LifeCoatingTest
INSTRUMENTATION_STATUS: current=4
INSTRUMENTATION_STATUS: id=AndroidJUnitRunner
INSTRUMENTATION_STATUS: numtests=4
INSTRUMENTATION_STATUS: stream=
com.rauna.scratcher.LifeCoatingTest:
INSTRUMENTATION_STATUS: test=erasureRollbackAndRestoreReuseBitmapInBothStyles
INSTRUMENTATION_STATUS_CODE: 1
INSTRUMENTATION_STATUS: class=com.rauna.scratcher.LifeCoatingTest
INSTRUMENTATION_STATUS: current=4
INSTRUMENTATION_STATUS: id=AndroidJUnitRunner
INSTRUMENTATION_STATUS: numtests=4
INSTRUMENTATION_STATUS: stack=java.lang.IllegalStateException
	at android.graphics.Bitmap.setPixel(Bitmap.java:2410)
	at com.rauna.scratcher.LifeCoating.update(LifeCoating.kt:27)
	at com.rauna.scratcher.LifeCoatingTest.erasureRollbackAndRestoreReuseBitmapInBothStyles(LifeCoatingTest.kt:13)

INSTRUMENTATION_STATUS: stream=
Error in erasureRollbackAndRestoreReuseBitmapInBothStyles(com.rauna.scratcher.LifeCoatingTest):
java.lang.IllegalStateException
	at android.graphics.Bitmap.setPixel(Bitmap.java:2410)
	at com.rauna.scratcher.LifeCoating.update(LifeCoating.kt:27)
	at com.rauna.scratcher.LifeCoatingTest.erasureRollbackAndRestoreReuseBitmapInBothStyles(LifeCoatingTest.kt:13)

INSTRUMENTATION_STATUS: test=erasureRollbackAndRestoreReuseBitmapInBothStyles
INSTRUMENTATION_STATUS_CODE: -2
INSTRUMENTATION_RESULT: stream=

Time: 24.756
There were 2 failures:
1) earnBuyRevealCollectAndRestore(com.rauna.scratcher.LifeFlowTest)
java.lang.IllegalStateException
	at android.graphics.Bitmap.setPixel(Bitmap.java:2410)
	at com.rauna.scratcher.LifeCoating.update(LifeCoating.kt:27)
	at com.rauna.scratcher.LifeActivityKt$RealScratchCard$1$1.invokeSuspend(LifeActivity.kt:183)
	at kotlin.coroutines.jvm.internal.BaseContinuationImpl.resumeWith(ContinuationImpl.kt:33)
	at androidx.compose.ui.test.ApplyingContinuationInterceptor$SendApplyContinuation.resumeWith(ApplyingContinuationInterceptor.kt:65)
	at androidx.compose.ui.test.FrameDeferringContinuationInterceptor$TrampolinedTask.resume(FrameDeferringContinuationInterceptor.jvm.kt:137)
	at androidx.compose.ui.test.FrameDeferringContinuationInterceptor.runWithoutResumingCoroutines(FrameDeferringContinuationInterceptor.jvm.kt:75)
	at androidx.compose.ui.test.TestMonotonicFrameClock.performFrame(TestMonotonicFrameClock.jvm.kt:132)
	at androidx.compose.ui.test.TestMonotonicFrameClock.access$performFrame(TestMonotonicFrameClock.jvm.kt:53)
	at androidx.compose.ui.test.TestMonotonicFrameClock$withFrameNanos$2$1$2.invokeSuspend(TestMonotonicFrameClock.jvm.kt:110)
	at kotlin.coroutines.jvm.internal.BaseContinuationImpl.resumeWith(ContinuationImpl.kt:33)
	at kotlinx.coroutines.DispatchedTaskKt.resume(DispatchedTask.kt:231)
	at kotlinx.coroutines.DispatchedTaskKt.dispatch(DispatchedTask.kt:164)
	at kotlinx.coroutines.CancellableContinuationImpl.dispatchResume(CancellableContinuationImpl.kt:470)
	at kotlinx.coroutines.CancellableContinuationImpl.resumeImpl(CancellableContinuationImpl.kt:504)
	at kotlinx.coroutines.CancellableContinuationImpl.resumeImpl$default(CancellableContinuationImpl.kt:493)
	at kotlinx.coroutines.CancellableContinuationImpl.resumeUndispatched(CancellableContinuationImpl.kt:591)
	at kotlinx.coroutines.test.CancellableContinuationRunnable.run(TestDispatcher.kt:60)
	at kotlinx.coroutines.test.TestDispatcher.processEvent$kotlinx_coroutines_test(TestDispatcher.kt:24)
	at kotlinx.coroutines.test.TestCoroutineScheduler.runCurrent(TestCoroutineScheduler.kt:132)
	at androidx.compose.ui.test.junit4.AbstractMainTestClock$advanceDispatcher$1.invoke(AbstractMainTestClock.jvm.kt:74)
	at androidx.compose.ui.test.junit4.AbstractMainTestClock$advanceDispatcher$1.invoke(AbstractMainTestClock.jvm.kt:67)
	at androidx.compose.ui.test.junit4.AndroidSynchronization_androidKt.runOnUiThread$lambda$0(AndroidSynchronization.android.kt:37)
	at androidx.compose.ui.test.junit4.AndroidSynchronization_androidKt.$r8$lambda$oTeokcQEO3BSEF5tPium9-gAeS0(Unknown Source:0)
	at androidx.compose.ui.test.junit4.AndroidSynchronization_androidKt$$ExternalSyntheticLambda0.call(D8$$SyntheticClass:0)
	at java.util.concurrent.FutureTask.run(FutureTask.java:317)
	at java.util.concurrent.Executors$RunnableAdapter.call(Executors.java:520)
	at java.util.concurrent.FutureTask.run(FutureTask.java:317)
	at android.app.Instrumentation$SyncRunnable.run(Instrumentation.java:2647)
	at android.os.Handler.handleCallback(Handler.java:1070)
	at android.os.Handler.dispatchMessage(Handler.java:125)
	at android.os.Looper.dispatchMessage(Looper.java:333)
	at android.os.Looper.loopOnce(Looper.java:263)
	at android.os.Looper.loop(Looper.java:367)
	at android.app.ActivityThread.main(ActivityThread.java:9287)
	at java.lang.reflect.Method.invoke(Native Method)
	at com.android.internal.os.RuntimeInit$MethodAndArgsCaller.run(RuntimeInit.java:566)
	at com.android.internal.os.ZygoteInit.main(ZygoteInit.java:929)
2) erasureRollbackAndRestoreReuseBitmapInBothStyles(com.rauna.scratcher.LifeCoatingTest)
java.lang.IllegalStateException
	at android.graphics.Bitmap.setPixel(Bitmap.java:2410)
	at com.rauna.scratcher.LifeCoating.update(LifeCoating.kt:27)
	at com.rauna.scratcher.LifeCoatingTest.erasureRollbackAndRestoreReuseBitmapInBothStyles(LifeCoatingTest.kt:13)

FAILURES!!!
Tests run: 4,  Failures: 2


INSTRUMENTATION_CODE: -1
