To honour the JVM settings for this build a single-use Daemon process will be forked. For more on this, please refer to https://docs.gradle.org/8.13/userguide/gradle_daemon.html#sec:disabling_the_daemon in the Gradle documentation.
Daemon will be stopped at the end of the build 

> Configure project :app
w: file:///C:/Users/rauna/Desktop/Games/Game1/app/build.gradle.kts:40:21: 'jvmTarget: String' is deprecated. Please migrate to the compilerOptions DSL. More details are here: https://kotl.in/u1r8ln

> Task :app:checkKotlinGradlePluginConfigurationErrors SKIPPED
> Task :app:preBuild UP-TO-DATE
> Task :app:preClassicDebugBuild UP-TO-DATE
> Task :app:checkClassicDebugAarMetadata
> Task :app:processClassicDebugNavigationResources
> Task :app:compileClassicDebugNavigationResources
> Task :app:generateClassicDebugResValues
> Task :app:mapClassicDebugSourceSetPaths
> Task :app:generateClassicDebugResources
> Task :app:mergeClassicDebugResources
> Task :app:packageClassicDebugResources
> Task :app:parseClassicDebugLocalResources
> Task :app:createClassicDebugCompatibleScreenManifests
> Task :app:extractDeepLinksClassicDebug
> Task :app:processClassicDebugMainManifest
> Task :app:processClassicDebugManifest
> Task :app:processClassicDebugManifestForPackage
> Task :app:processClassicDebugResources

> Task :app:compileClassicDebugKotlin
e: file:///C:/Users/rauna/Desktop/Games/Game1/app/src/main/java/com/rauna/scratcher/LifeActivity.kt:76:21 This material API is experimental and is likely to change or to be removed in the future.

> Task :app:compileClassicDebugKotlin FAILED

FAILURE: Build failed with an exception.

* What went wrong:
Execution failed for task ':app:compileClassicDebugKotlin'.
> A failure occurred while executing org.jetbrains.kotlin.compilerRunner.GradleCompilerRunnerWithWorkers$GradleKotlinCompilerWorkAction
   > Compilation error. See log for more details

* Try:
> Run with --stacktrace option to get the stack trace.
> Run with --info or --debug option to get more log output.
> Run with --scan to get full insights.
> Get more help at https://help.gradle.org.

BUILD FAILED in 1m 38s
16 actionable tasks: 16 executed
