To honour the JVM settings for this build a single-use Daemon process will be forked. For more on this, please refer to https://docs.gradle.org/9.1.0/userguide/gradle_daemon.html#sec:disabling_the_daemon in the Gradle documentation.
Daemon will be stopped at the end of the build 

> Configure project :app
w: file:///C:/Users/rauna/Desktop/Games/Word%20Finder/app/build.gradle.kts:37:5: 'fun BaseAppModuleExtension.kotlinOptions(configure: Action<DeprecatedKotlinJvmOptions>): Unit' is deprecated. Please migrate to the compilerOptions DSL. More details are here: https://kotl.in/u1r8ln.
w: file:///C:/Users/rauna/Desktop/Games/Word%20Finder/app/build.gradle.kts:38:9: 'var jvmTarget: String' is deprecated. Please migrate to the compilerOptions DSL. More details are here: https://kotl.in/u1r8ln.

> Task :app:checkKotlinGradlePluginConfigurationErrors SKIPPED
> Task :app:preBuild UP-TO-DATE
> Task :app:preDebugBuild UP-TO-DATE
> Task :app:generateDebugBuildConfig
> Task :app:checkDebugAarMetadata
> Task :app:processDebugNavigationResources
> Task :app:compileDebugNavigationResources
> Task :app:generateDebugResValues
> Task :app:mapDebugSourceSetPaths
> Task :app:generateDebugResources
> Task :app:mergeDebugResources
> Task :app:packageDebugResources
> Task :app:parseDebugLocalResources
> Task :app:createDebugCompatibleScreenManifests
> Task :app:extractDeepLinksDebug
> Task :app:processDebugMainManifest
> Task :app:processDebugManifest
> Task :app:processDebugManifestForPackage
> Task :app:processDebugResources
> Task :app:compileDebugKotlin
> Task :app:javaPreCompileDebug
> Task :app:compileDebugJavaWithJavac
> Task :app:bundleDebugClassesToRuntimeJar
> Task :app:bundleDebugClassesToCompileJar
> Task :app:compileDebugUnitTestKotlin
> Task :app:preDebugUnitTestBuild UP-TO-DATE
> Task :app:javaPreCompileDebugUnitTest
> Task :app:compileDebugUnitTestJavaWithJavac NO-SOURCE
> Task :app:processDebugJavaRes
> Task :app:processDebugUnitTestJavaRes
> Task :app:testDebugUnitTest
> Task :app:preDebugAndroidTestBuild SKIPPED
> Task :app:generateDebugAndroidTestResValues
> Task :app:generateDebugAndroidTestLintModel
> Task :app:extractProguardFiles
> Task :app:generateDebugLintReportModel
> Task :app:generateDebugUnitTestLintModel
> Task :app:lintAnalyzeDebug
> Task :app:lintAnalyzeDebugAndroidTest
> Task :app:lintAnalyzeDebugUnitTest

> Task :app:lintReportDebug
Wrote HTML report to file:///C:/Users/rauna/Desktop/Games/Word%20Finder/app/build/reports/lint-results-debug.html

> Task :app:lintDebug
> Task :app:mergeDebugNativeDebugMetadata NO-SOURCE
> Task :app:mergeDebugShaders
> Task :app:compileDebugShaders NO-SOURCE
> Task :app:generateDebugAssets UP-TO-DATE
> Task :app:mergeDebugAssets
> Task :app:compressDebugAssets
> Task :app:desugarDebugFileDependencies
> Task :app:dexBuilderDebug
> Task :app:mergeDebugGlobalSynthetics
> Task :app:mergeDebugJavaResource
> Task :app:checkDebugDuplicateClasses
> Task :app:mergeExtDexDebug
> Task :app:mergeLibDexDebug
> Task :app:mergeProjectDexDebug
> Task :app:mergeDebugJniLibFolders
> Task :app:mergeDebugNativeLibs NO-SOURCE
> Task :app:stripDebugDebugSymbols NO-SOURCE
> Task :app:validateSigningDebug
> Task :app:writeDebugAppMetadata
> Task :app:writeDebugSigningConfigVersions
> Task :app:packageDebug
> Task :app:createDebugApkListingFileRedirect
> Task :app:assembleDebug
> Task :app:processDebugAndroidTestManifest
> Task :app:generateDebugAndroidTestBuildConfig
> Task :app:checkDebugAndroidTestAarMetadata
> Task :app:processDebugAndroidTestNavigationResources
> Task :app:compileDebugAndroidTestNavigationResources
> Task :app:mapDebugAndroidTestSourceSetPaths
> Task :app:generateDebugAndroidTestResources
> Task :app:mergeDebugAndroidTestResources
> Task :app:processDebugAndroidTestResources
> Task :app:compileDebugAndroidTestKotlin
> Task :app:javaPreCompileDebugAndroidTest
> Task :app:compileDebugAndroidTestJavaWithJavac
> Task :app:mergeDebugAndroidTestShaders
> Task :app:compileDebugAndroidTestShaders NO-SOURCE
> Task :app:generateDebugAndroidTestAssets UP-TO-DATE
> Task :app:mergeDebugAndroidTestAssets
> Task :app:compressDebugAndroidTestAssets
> Task :app:desugarDebugAndroidTestFileDependencies
> Task :app:dexBuilderDebugAndroidTest
> Task :app:mergeDebugAndroidTestGlobalSynthetics
> Task :app:processDebugAndroidTestJavaRes
> Task :app:mergeDebugAndroidTestJavaResource
> Task :app:checkDebugAndroidTestDuplicateClasses
> Task :app:mergeExtDexDebugAndroidTest
> Task :app:mergeLibDexDebugAndroidTest
> Task :app:mergeProjectDexDebugAndroidTest
> Task :app:mergeDebugAndroidTestJniLibFolders
> Task :app:mergeDebugAndroidTestNativeLibs NO-SOURCE
> Task :app:stripDebugAndroidTestDebugSymbols NO-SOURCE
> Task :app:validateSigningDebugAndroidTest
> Task :app:writeDebugAndroidTestSigningConfigVersions
> Task :app:packageDebugAndroidTest
> Task :app:createDebugAndroidTestApkListingFileRedirect
> Task :app:assembleDebugAndroidTest

[Incubating] Problems report is available at: file:///C:/Users/rauna/Desktop/Games/Word%20Finder/build/reports/problems/problems-report.html

Deprecated Gradle features were used in this build, making it incompatible with Gradle 10.

You can use '--warning-mode all' to show the individual deprecation warnings and determine if they come from your own scripts or plugins.

For more on this, please refer to https://docs.gradle.org/9.1.0/userguide/command_line_interface.html#sec:command_line_warnings in the Gradle documentation.

BUILD SUCCESSFUL in 6m
82 actionable tasks: 82 executed
Consider enabling configuration cache to speed up this build: https://docs.gradle.org/9.1.0/userguide/configuration_cache_enabling.html
