INSTRUMENTATION_STATUS: class=com.rauna.wordfinder.ActiveGameRepositoryTest
INSTRUMENTATION_STATUS: current=1
INSTRUMENTATION_STATUS: id=AndroidJUnitRunner
INSTRUMENTATION_STATUS: numtests=7
INSTRUMENTATION_STATUS: stream=
com.rauna.wordfinder.ActiveGameRepositoryTest:
INSTRUMENTATION_STATUS: test=dailyCompletionsCountOncePerDateAndStandardReplaysCount
INSTRUMENTATION_STATUS_CODE: 1
INSTRUMENTATION_STATUS: class=com.rauna.wordfinder.ActiveGameRepositoryTest
INSTRUMENTATION_STATUS: current=1
INSTRUMENTATION_STATUS: id=AndroidJUnitRunner
INSTRUMENTATION_STATUS: numtests=7
INSTRUMENTATION_STATUS: stack=java.lang.AssertionError: expected:<1> but was:<4>
	at org.junit.Assert.fail(Assert.java:89)
	at org.junit.Assert.failNotEquals(Assert.java:835)
	at org.junit.Assert.assertEquals(Assert.java:120)
	at org.junit.Assert.assertEquals(Assert.java:146)
	at com.rauna.wordfinder.ActiveGameRepositoryTest$dailyCompletionsCountOncePerDateAndStandardReplaysCount$1.invokeSuspend(ActiveGameRepositoryTest.kt:33)
	at kotlin.coroutines.jvm.internal.BaseContinuationImpl.resumeWith(ContinuationImpl.kt:33)
	at kotlinx.coroutines.internal.ScopeCoroutine.afterResume(Scopes.kt:28)
	at kotlinx.coroutines.AbstractCoroutine.resumeWith(AbstractCoroutine.kt:99)
	at kotlin.coroutines.jvm.internal.BaseContinuationImpl.resumeWith(ContinuationImpl.kt:46)
	at kotlinx.coroutines.DispatchedTask.run(DispatchedTask.kt:104)
	at kotlinx.coroutines.EventLoopImplBase.processNextEvent(EventLoop.common.kt:277)
	at kotlinx.coroutines.BlockingCoroutine.joinBlocking(Builders.kt:95)
	at kotlinx.coroutines.BuildersKt__BuildersKt.runBlocking(Builders.kt:69)
	at kotlinx.coroutines.BuildersKt.runBlocking(Unknown Source:1)
	at kotlinx.coroutines.BuildersKt__BuildersKt.runBlocking$default(Builders.kt:48)
	at kotlinx.coroutines.BuildersKt.runBlocking$default(Unknown Source:1)
	at com.rauna.wordfinder.ActiveGameRepositoryTest.dailyCompletionsCountOncePerDateAndStandardReplaysCount(ActiveGameRepositoryTest.kt:28)

INSTRUMENTATION_STATUS: stream=
Error in dailyCompletionsCountOncePerDateAndStandardReplaysCount(com.rauna.wordfinder.ActiveGameRepositoryTest):
java.lang.AssertionError: expected:<1> but was:<4>
	at org.junit.Assert.fail(Assert.java:89)
	at org.junit.Assert.failNotEquals(Assert.java:835)
	at org.junit.Assert.assertEquals(Assert.java:120)
	at org.junit.Assert.assertEquals(Assert.java:146)
	at com.rauna.wordfinder.ActiveGameRepositoryTest$dailyCompletionsCountOncePerDateAndStandardReplaysCount$1.invokeSuspend(ActiveGameRepositoryTest.kt:33)
	at kotlin.coroutines.jvm.internal.BaseContinuationImpl.resumeWith(ContinuationImpl.kt:33)
	at kotlinx.coroutines.internal.ScopeCoroutine.afterResume(Scopes.kt:28)
	at kotlinx.coroutines.AbstractCoroutine.resumeWith(AbstractCoroutine.kt:99)
	at kotlin.coroutines.jvm.internal.BaseContinuationImpl.resumeWith(ContinuationImpl.kt:46)
	at kotlinx.coroutines.DispatchedTask.run(DispatchedTask.kt:104)
	at kotlinx.coroutines.EventLoopImplBase.processNextEvent(EventLoop.common.kt:277)
	at kotlinx.coroutines.BlockingCoroutine.joinBlocking(Builders.kt:95)
	at kotlinx.coroutines.BuildersKt__BuildersKt.runBlocking(Builders.kt:69)
	at kotlinx.coroutines.BuildersKt.runBlocking(Unknown Source:1)
	at kotlinx.coroutines.BuildersKt__BuildersKt.runBlocking$default(Builders.kt:48)
	at kotlinx.coroutines.BuildersKt.runBlocking$default(Unknown Source:1)
	at com.rauna.wordfinder.ActiveGameRepositoryTest.dailyCompletionsCountOncePerDateAndStandardReplaysCount(ActiveGameRepositoryTest.kt:28)

INSTRUMENTATION_STATUS: test=dailyCompletionsCountOncePerDateAndStandardReplaysCount
INSTRUMENTATION_STATUS_CODE: -2
INSTRUMENTATION_STATUS: class=com.rauna.wordfinder.ActiveGameRepositoryTest
INSTRUMENTATION_STATUS: current=2
INSTRUMENTATION_STATUS: id=AndroidJUnitRunner
INSTRUMENTATION_STATUS: numtests=7
INSTRUMENTATION_STATUS: stream=
INSTRUMENTATION_STATUS: test=corruptRestoreDoesNotBlockLaterSave
INSTRUMENTATION_STATUS_CODE: 1
INSTRUMENTATION_STATUS: class=com.rauna.wordfinder.ActiveGameRepositoryTest
INSTRUMENTATION_STATUS: current=2
INSTRUMENTATION_STATUS: id=AndroidJUnitRunner
INSTRUMENTATION_STATUS: numtests=7
INSTRUMENTATION_STATUS: stream=.
INSTRUMENTATION_STATUS: test=corruptRestoreDoesNotBlockLaterSave
INSTRUMENTATION_STATUS_CODE: 0
INSTRUMENTATION_STATUS: class=com.rauna.wordfinder.ActiveGameRepositoryTest
INSTRUMENTATION_STATUS: current=3
INSTRUMENTATION_STATUS: id=AndroidJUnitRunner
INSTRUMENTATION_STATUS: numtests=7
INSTRUMENTATION_STATUS: stream=
INSTRUMENTATION_STATUS: test=codecRoundTripAndLegacySchema
INSTRUMENTATION_STATUS_CODE: 1
INSTRUMENTATION_STATUS: class=com.rauna.wordfinder.ActiveGameRepositoryTest
INSTRUMENTATION_STATUS: current=3
INSTRUMENTATION_STATUS: id=AndroidJUnitRunner
INSTRUMENTATION_STATUS: numtests=7
INSTRUMENTATION_STATUS: stream=.
INSTRUMENTATION_STATUS: test=codecRoundTripAndLegacySchema
INSTRUMENTATION_STATUS_CODE: 0
INSTRUMENTATION_STATUS: class=com.rauna.wordfinder.ActiveGameRepositoryTest
INSTRUMENTATION_STATUS: current=4
INSTRUMENTATION_STATUS: id=AndroidJUnitRunner
INSTRUMENTATION_STATUS: numtests=7
INSTRUMENTATION_STATUS: stream=
INSTRUMENTATION_STATUS: test=initialSaveWaitsForRestoreAndWriteFailureIsReported
INSTRUMENTATION_STATUS_CODE: 1
INSTRUMENTATION_STATUS: class=com.rauna.wordfinder.ActiveGameRepositoryTest
INSTRUMENTATION_STATUS: current=4
INSTRUMENTATION_STATUS: id=AndroidJUnitRunner
INSTRUMENTATION_STATUS: numtests=7
INSTRUMENTATION_STATUS: stream=.
INSTRUMENTATION_STATUS: test=initialSaveWaitsForRestoreAndWriteFailureIsReported
INSTRUMENTATION_STATUS_CODE: 0
INSTRUMENTATION_STATUS: class=com.rauna.wordfinder.ActiveGameRepositoryTest
INSTRUMENTATION_STATUS: current=5
INSTRUMENTATION_STATUS: id=AndroidJUnitRunner
INSTRUMENTATION_STATUS: numtests=7
INSTRUMENTATION_STATUS: stream=
INSTRUMENTATION_STATUS: test=concurrentWritesRemainValidAndRestartRestoresLatestSnapshot
INSTRUMENTATION_STATUS_CODE: 1
INSTRUMENTATION_STATUS: class=com.rauna.wordfinder.ActiveGameRepositoryTest
INSTRUMENTATION_STATUS: current=5
INSTRUMENTATION_STATUS: id=AndroidJUnitRunner
INSTRUMENTATION_STATUS: numtests=7
INSTRUMENTATION_STATUS: stream=.
INSTRUMENTATION_STATUS: test=concurrentWritesRemainValidAndRestartRestoresLatestSnapshot
INSTRUMENTATION_STATUS_CODE: 0
INSTRUMENTATION_STATUS: class=com.rauna.wordfinder.GameViewModelTest
INSTRUMENTATION_STATUS: current=6
INSTRUMENTATION_STATUS: id=AndroidJUnitRunner
INSTRUMENTATION_STATUS: numtests=7
INSTRUMENTATION_STATUS: stream=
com.rauna.wordfinder.GameViewModelTest:
INSTRUMENTATION_STATUS: test=cancelAndPauseNeverCommitPendingWord
INSTRUMENTATION_STATUS_CODE: 1
INSTRUMENTATION_STATUS: class=com.rauna.wordfinder.GameViewModelTest
INSTRUMENTATION_STATUS: current=6
INSTRUMENTATION_STATUS: id=AndroidJUnitRunner
INSTRUMENTATION_STATUS: numtests=7
INSTRUMENTATION_STATUS: stream=.
INSTRUMENTATION_STATUS: test=cancelAndPauseNeverCommitPendingWord
INSTRUMENTATION_STATUS_CODE: 0
INSTRUMENTATION_STATUS: class=com.rauna.wordfinder.HomeScreenTest
INSTRUMENTATION_STATUS: current=7
INSTRUMENTATION_STATUS: id=AndroidJUnitRunner
INSTRUMENTATION_STATUS: numtests=7
INSTRUMENTATION_STATUS: stream=
com.rauna.wordfinder.HomeScreenTest:
INSTRUMENTATION_STATUS: test=homeShowsDifficultyAndPlayAction
INSTRUMENTATION_STATUS_CODE: 1
INSTRUMENTATION_STATUS: class=com.rauna.wordfinder.HomeScreenTest
INSTRUMENTATION_STATUS: current=7
INSTRUMENTATION_STATUS: id=AndroidJUnitRunner
INSTRUMENTATION_STATUS: numtests=7
INSTRUMENTATION_STATUS: stack=java.lang.AssertionError: Assert failed: The component is not displayed!
	at androidx.compose.ui.test.AssertionsKt.assertIsDisplayed(Assertions.kt:34)
	at com.rauna.wordfinder.HomeScreenTest.homeShowsDifficultyAndPlayAction(HomeScreenTest.kt:21)

INSTRUMENTATION_STATUS: stream=
Error in homeShowsDifficultyAndPlayAction(com.rauna.wordfinder.HomeScreenTest):
java.lang.AssertionError: Assert failed: The component is not displayed!
	at androidx.compose.ui.test.AssertionsKt.assertIsDisplayed(Assertions.kt:34)
	at com.rauna.wordfinder.HomeScreenTest.homeShowsDifficultyAndPlayAction(HomeScreenTest.kt:21)

INSTRUMENTATION_STATUS: test=homeShowsDifficultyAndPlayAction
INSTRUMENTATION_STATUS_CODE: -2
INSTRUMENTATION_RESULT: stream=

Time: 8.093
There were 2 failures:
1) dailyCompletionsCountOncePerDateAndStandardReplaysCount(com.rauna.wordfinder.ActiveGameRepositoryTest)
java.lang.AssertionError: expected:<1> but was:<4>
	at org.junit.Assert.fail(Assert.java:89)
	at org.junit.Assert.failNotEquals(Assert.java:835)
	at org.junit.Assert.assertEquals(Assert.java:120)
	at org.junit.Assert.assertEquals(Assert.java:146)
	at com.rauna.wordfinder.ActiveGameRepositoryTest$dailyCompletionsCountOncePerDateAndStandardReplaysCount$1.invokeSuspend(ActiveGameRepositoryTest.kt:33)
	at kotlin.coroutines.jvm.internal.BaseContinuationImpl.resumeWith(ContinuationImpl.kt:33)
	at kotlinx.coroutines.internal.ScopeCoroutine.afterResume(Scopes.kt:28)
	at kotlinx.coroutines.AbstractCoroutine.resumeWith(AbstractCoroutine.kt:99)
	at kotlin.coroutines.jvm.internal.BaseContinuationImpl.resumeWith(ContinuationImpl.kt:46)
	at kotlinx.coroutines.DispatchedTask.run(DispatchedTask.kt:104)
	at kotlinx.coroutines.EventLoopImplBase.processNextEvent(EventLoop.common.kt:277)
	at kotlinx.coroutines.BlockingCoroutine.joinBlocking(Builders.kt:95)
	at kotlinx.coroutines.BuildersKt__BuildersKt.runBlocking(Builders.kt:69)
	at kotlinx.coroutines.BuildersKt.runBlocking(Unknown Source:1)
	at kotlinx.coroutines.BuildersKt__BuildersKt.runBlocking$default(Builders.kt:48)
	at kotlinx.coroutines.BuildersKt.runBlocking$default(Unknown Source:1)
	at com.rauna.wordfinder.ActiveGameRepositoryTest.dailyCompletionsCountOncePerDateAndStandardReplaysCount(ActiveGameRepositoryTest.kt:28)
2) homeShowsDifficultyAndPlayAction(com.rauna.wordfinder.HomeScreenTest)
java.lang.AssertionError: Assert failed: The component is not displayed!
	at androidx.compose.ui.test.AssertionsKt.assertIsDisplayed(Assertions.kt:34)
	at com.rauna.wordfinder.HomeScreenTest.homeShowsDifficultyAndPlayAction(HomeScreenTest.kt:21)

FAILURES!!!
Tests run: 7,  Failures: 2


INSTRUMENTATION_CODE: -1
