--------- beginning of crash
E/AndroidRuntime( 5583): FATAL EXCEPTION: main
E/AndroidRuntime( 5583): Process: com.rauna.scratcher.prototype.debug, PID: 5583
E/AndroidRuntime( 5583): java.lang.NoSuchMethodError: No virtual method at(Ljava/lang/Object;I)Landroidx/compose/animation/core/KeyframesSpec$KeyframeEntity; in class Landroidx/compose/animation/core/KeyframesSpec$KeyframesSpecConfig; or its super classes (declaration of 'androidx.compose.animation.core.KeyframesSpec$KeyframesSpecConfig' appears in /data/app/~~hlAtvP4ki8I7A--hckvKWQ==/com.rauna.scratcher.prototype.debug-ImbmCuB1upS7kqpLna_4EQ==/base.apk)
E/AndroidRuntime( 5583): 	at androidx.compose.material3.ProgressIndicatorKt$CircularProgressIndicator$endAngle$1.invoke(ProgressIndicator.kt:371)
E/AndroidRuntime( 5583): 	at androidx.compose.material3.ProgressIndicatorKt$CircularProgressIndicator$endAngle$1.invoke(ProgressIndicator.kt:369)
E/AndroidRuntime( 5583): 	at androidx.compose.animation.core.AnimationSpecKt.keyframes(AnimationSpec.kt:649)
E/AndroidRuntime( 5583): 	at androidx.compose.material3.ProgressIndicatorKt.CircularProgressIndicator-LxG7B9w(ProgressIndicator.kt:369)
E/AndroidRuntime( 5583): 	at com.rauna.scratcher.MainActivityKt.ScratchScreen(MainActivity.kt:77)
E/AndroidRuntime( 5583): 	at com.rauna.scratcher.MainActivityKt.access$ScratchScreen(MainActivity.kt:1)
E/AndroidRuntime( 5583): 	at com.rauna.scratcher.ComposableSingletons$MainActivityKt.lambda__868870081$lambda$2$lambda$1(MainActivity.kt:44)
E/AndroidRuntime( 5583): 	at com.rauna.scratcher.ComposableSingletons$MainActivityKt.$r8$lambda$YcZ35Kcnn8iiVutoQMfl345IQKQ(Unknown Source:0)
E/AndroidRuntime( 5583): 	at com.rauna.scratcher.ComposableSingletons$MainActivityKt$$ExternalSyntheticLambda0.invoke(D8$$SyntheticClass:0)
E/AndroidRuntime( 5583): 	at androidx.compose.runtime.internal.ComposableLambdaImpl.invoke(ComposableLambda.jvm.kt:109)
E/AndroidRuntime( 5583): 	at androidx.compose.runtime.internal.ComposableLambdaImpl.invoke(ComposableLambda.jvm.kt:35)
E/AndroidRuntime( 5583): 	at androidx.compose.material3.SurfaceKt$Surface$1.invoke(Surface.kt:132)
E/AndroidRuntime( 5583): 	at androidx.compose.material3.SurfaceKt$Surface$1.invoke(Surface.kt:114)
E/AndroidRuntime( 5583): 	at androidx.compose.runtime.internal.ComposableLambdaImpl.invoke(ComposableLambda.jvm.kt:109)
E/AndroidRuntime( 5583): 	at androidx.compose.runtime.internal.ComposableLambdaImpl.invoke(ComposableLambda.jvm.kt:35)
E/AndroidRuntime( 5583): 	at androidx.compose.runtime.CompositionLocalKt.CompositionLocalProvider(CompositionLocal.kt:228)
E/AndroidRuntime( 5583): 	at androidx.compose.material3.SurfaceKt.Surface-T9BRK9s(Surface.kt:111)
E/AndroidRuntime( 5583): 	at com.rauna.scratcher.ComposableSingletons$MainActivityKt.lambda__868870081$lambda$2(MainActivity.kt:44)
E/AndroidRuntime( 5583): 	at com.rauna.scratcher.ComposableSingletons$MainActivityKt.$r8$lambda$DBydpVH4lO83LvWYVGp2H5KJKd8(Unknown Source:0)
E/AndroidRuntime( 5583): 	at com.rauna.scratcher.ComposableSingletons$MainActivityKt$$ExternalSyntheticLambda4.invoke(D8$$SyntheticClass:0)
E/AndroidRuntime( 5583): 	at androidx.compose.runtime.internal.ComposableLambdaImpl.invoke(ComposableLambda.jvm.kt:109)
E/AndroidRuntime( 5583): 	at androidx.compose.runtime.internal.ComposableLambdaImpl.invoke(ComposableLambda.jvm.kt:35)
E/AndroidRuntime( 5583): 	at androidx.compose.runtime.CompositionLocalKt.CompositionLocalProvider(CompositionLocal.kt:228)
E/AndroidRuntime( 5583): 	at androidx.compose.material3.TextKt.ProvideTextStyle(Text.kt:360)
E/AndroidRuntime( 5583): 	at androidx.compose.material3.MaterialThemeKt$MaterialTheme$1.invoke(MaterialTheme.kt:81)
E/AndroidRuntime( 5583): 	at androidx.compose.material3.MaterialThemeKt$MaterialTheme$1.invoke(MaterialTheme.kt:80)
E/AndroidRuntime( 5583): 	at androidx.compose.runtime.internal.ComposableLambdaImpl.invoke(ComposableLambda.jvm.kt:109)
E/AndroidRuntime( 5583): 	at androidx.compose.runtime.internal.ComposableLambdaImpl.invoke(ComposableLambda.jvm.kt:35)
E/AndroidRuntime( 5583): 	at androidx.compose.runtime.CompositionLocalKt.CompositionLocalProvider(CompositionLocal.kt:228)
E/AndroidRuntime( 5583): 	at androidx.compose.material3.MaterialThemeKt.MaterialTheme(MaterialTheme.kt:73)
E/AndroidRuntime( 5583): 	at com.rauna.scratcher.ComposableSingletons$MainActivityKt.lambda_1381546387$lambda$3(MainActivity.kt:41)
E/AndroidRuntime( 5583): 	at com.rauna.scratcher.ComposableSingletons$MainActivityKt.$r8$lambda$htn4QKTKlmQQuxUQZPg-z7aceGA(Unknown Source:0)
E/AndroidRuntime( 5583): 	at com.rauna.scratcher.ComposableSingletons$MainActivityKt$$ExternalSyntheticLambda7.invoke(D8$$SyntheticClass:0)
E/AndroidRuntime( 5583): 	at androidx.compose.runtime.internal.ComposableLambdaImpl.invoke(ComposableLambda.jvm.kt:109)
E/AndroidRuntime( 5583): 	at androidx.compose.runtime.internal.ComposableLambdaImpl.invoke(ComposableLambda.jvm.kt:35)
E/AndroidRuntime( 5583): 	at androidx.compose.ui.platform.ComposeView.Content(ComposeView.android.kt:428)
E/AndroidRuntime( 5583): 	at androidx.compose.ui.platform.AbstractComposeView$ensureCompositionCreated$1.invoke(ComposeView.android.kt:252)
E/AndroidRuntime( 5583): 	at androidx.compose.ui.platform.AbstractComposeView$ensureCompositionCreated$1.invoke(ComposeView.android.kt:251)
E/AndroidRuntime( 5583): 	at androidx.compose.runtime.internal.ComposableLambdaImpl.invoke(ComposableLambda.jvm.kt:109)
E/AndroidRuntime( 5583): 	at androidx.compose.runtime.internal.ComposableLambdaImpl.invoke(ComposableLambda.jvm.kt:35)
E/AndroidRuntime( 5583): 	at androidx.compose.runtime.CompositionLocalKt.CompositionLocalProvider(CompositionLocal.kt:228)
E/AndroidRuntime( 5583): 	at androidx.compose.ui.platform.CompositionLocalsKt.ProvideCommonCompositionLocals(CompositionLocals.kt:186)
E/AndroidRuntime( 5583): 	at androidx.compose.ui.platform.AndroidCompositionLocals_androidKt$ProvideAndroidCompositionLocals$3.invoke(AndroidCompositionLocals.android.kt:119)
E/AndroidRuntime( 5583): 	at androidx.compose.ui.platform.AndroidCompositionLocals_androidKt$ProvideAndroidCompositionLocals$3.invoke(AndroidCompositionLocals.android.kt:118)
E/AndroidRuntime( 5583): 	at androidx.compose.runtime.internal.ComposableLambdaImpl.invoke(ComposableLambda.jvm.kt:109)
E/AndroidRuntime( 5583): 	at androidx.compose.runtime.internal.ComposableLambdaImpl.invoke(ComposableLambda.jvm.kt:35)
E/AndroidRuntime( 5583): 	at androidx.compose.runtime.CompositionLocalKt.CompositionLocalProvider(CompositionLocal.kt:228)
E/AndroidRuntime( 5583): 	at androidx.compose.ui.platform.AndroidCompositionLocals_androidKt.ProvideAndroidCompositionLocals(AndroidCompositionLocals.android.kt:110)
E/AndroidRuntime( 5583): 	at androidx.compose.ui.platform.WrappedComposition$setContent$1$1$2.invoke(Wrapper.android.kt:139)
E/AndroidRuntime( 5583): 	at androidx.compose.ui.platform.WrappedComposition$setContent$1$1$2.invoke(Wrapper.android.kt:138)
E/AndroidRuntime( 5583): 	at androidx.compose.runtime.internal.ComposableLambdaImpl.invoke(ComposableLambda.jvm.kt:109)
E/AndroidRuntime( 5583): 	at androidx.compose.runtime.internal.ComposableLambdaImpl.invoke(ComposableLambda.jvm.kt:35)
E/AndroidRuntime( 5583): 	at androidx.compose.runtime.CompositionLocalKt.CompositionLocalProvider(CompositionLocal.kt:248)
E/AndroidRuntime( 5583): 	at androidx.compose.ui.platform.WrappedComposition$setContent$1$1.invoke(Wrapper.android.kt:138)
E/AndroidRuntime( 5583): 	at androidx.compose.ui.platform.WrappedComposition$setContent$1$1.invoke(Wrapper.android.kt:123)
E/AndroidRuntime( 5583): 	at androidx.compose.runtime.internal.ComposableLambdaImpl.invoke(ComposableLambda.jvm.kt:109)
E/AndroidRuntime( 5583): 	at androidx.compose.runtime.internal.ComposableLambdaImpl.invoke(ComposableLambda.jvm.kt:35)
E/AndroidRuntime( 5583): 	at androidx.compose.runtime.ActualJvm_jvmKt.invokeComposable(ActualJvm.jvm.kt:90)
E/AndroidRuntime( 5583): 	at androidx.compose.runtime.ComposerImpl.doCompose(Composer.kt:3302)
E/AndroidRuntime( 5583): 	at androidx.compose.runtime.ComposerImpl.composeContent$runtime_release(Composer.kt:3235)
E/AndroidRuntime( 5583): 	at androidx.compose.runtime.CompositionImpl.composeContent(Composition.kt:723)
E/AndroidRuntime( 5583): 	at androidx.compose.runtime.Recomposer.composeInitial$runtime_release(Recomposer.kt:1071)
E/AndroidRuntime( 5583): 	at androidx.compose.runtime.CompositionImpl.composeInitial(Composition.kt:631)
E/AndroidRuntime( 5583): 	at androidx.compose.runtime.CompositionImpl.setContent(Composition.kt:617)
E/AndroidRuntime( 5583): 	at androidx.compose.ui.platform.WrappedComposition$setContent$1.invoke(Wrapper.android.kt:123)
E/AndroidRuntime( 5583): 	at androidx.compose.ui.platform.WrappedComposition$setContent$1.invoke(Wrapper.android.kt:114)
E/AndroidRuntime( 5583): 	at androidx.compose.ui.platform.AndroidComposeView.setOnViewTreeOwnersAvailable(AndroidComposeView.android.kt:1289)
E/AndroidRuntime( 5583): 	at androidx.compose.ui.platform.WrappedComposition.setContent(Wrapper.android.kt:114)
E/AndroidRuntime( 5583): 	at androidx.compose.ui.platform.WrappedComposition.onStateChanged(Wrapper.android.kt:164)
E/AndroidRuntime( 5583): 	at androidx.lifecycle.LifecycleRegistry$ObserverWithState.dispatchEvent(LifecycleRegistry.kt:322)
E/AndroidRuntime( 5583): 	at androidx.lifecycle.LifecycleRegistry.addObserver(LifecycleRegistry.kt:199)
E/AndroidRuntime( 5583): 	at androidx.compose.ui.platform.WrappedComposition$setContent$1.invoke(Wrapper.android.kt:121)
E/AndroidRuntime( 5583): 	at androidx.compose.ui.platform.WrappedComposition$setContent$1.invoke(Wrapper.android.kt:114)
E/AndroidRuntime( 5583): 	at androidx.compose.ui.platform.AndroidComposeView.onAttachedToWindow(AndroidComposeView.android.kt:1364)
E/AndroidRuntime( 5583): 	at android.view.View.dispatchAttachedToWindow(View.java:23294)
E/AndroidRuntime( 5583): 	at android.view.ViewGroup.dispatchAttachedToWindow(ViewGroup.java:3517)
E/AndroidRuntime( 5583): 	at android.view.ViewGroup.dispatchAttachedToWindow(ViewGroup.java:3524)
E/AndroidRuntime( 5583): 	at android.view.ViewGroup.dispatchAttachedToWindow(ViewGroup.java:3524)
E/AndroidRuntime( 5583): 	at android.view.ViewGroup.dispatchAttachedToWindow(ViewGroup.java:3524)
E/AndroidRuntime( 5583): 	at android.view.ViewGroup.dispatchAttachedToWindow(ViewGroup.java:3524)
E/AndroidRuntime( 5583): 	at android.view.ViewRootImpl.performTraversals(ViewRootImpl.java:3667)
E/AndroidRuntime( 5583): 	at android.view.ViewRootImpl.doTraversal(ViewRootImpl.java:3127)
E/AndroidRuntime( 5583): 	at android.view.ViewRootImpl$TraversalRunnable.run(ViewRootImpl.java:10807)
E/AndroidRuntime( 5583): 	at android.view.Choreographer$CallbackRecord.run(Choreographer.java:1630)
E/AndroidRuntime( 5583): 	at android.view.Choreographer$CallbackRecord.run(Choreographer.java:1639)
E/AndroidRuntime( 5583): 	at android.view.Choreographer.doCallbacks(Choreographer.java:1235)
E/AndroidRuntime( 5583): 	at android.view.Choreographer.doFrame(Choreographer.java:1164)
E/AndroidRuntime( 5583): 	at android.view.Choreographer$FrameDisplayEventReceiver.run(Choreographer.java:1613)
E/AndroidRuntime( 5583): 	at android.os.Handler.handleCallback(Handler.java:1070)
E/AndroidRuntime( 5583): 	at android.os.Handler.dispatchMessage(Handler.java:125)
E/AndroidRuntime( 5583): 	at android.os.Looper.dispatchMessage(Looper.java:333)
E/AndroidRuntime( 5583): 	at android.os.Looper.loopOnce(Looper.java:263)
E/AndroidRuntime( 5583): 	at android.os.Looper.loop(Looper.java:367)
E/AndroidRuntime( 5583): 	at android.app.ActivityThread.main(ActivityThread.java:9287)
E/AndroidRuntime( 5583): 	at java.lang.reflect.Method.invoke(Native Method)
E/AndroidRuntime( 5583): 	at com.android.internal.os.RuntimeInit$MethodAndArgsCaller.run(RuntimeInit.java:566)
E/AndroidRuntime( 5583): 	at com.android.internal.os.ZygoteInit.main(ZygoteInit.java:929)
E/AndroidRuntime( 6097): FATAL EXCEPTION: main
E/AndroidRuntime( 6097): Process: com.rauna.scratcher.prototype.debug, PID: 6097
E/AndroidRuntime( 6097): java.lang.NoSuchMethodError: No virtual method at(Ljava/lang/Object;I)Landroidx/compose/animation/core/KeyframesSpec$KeyframeEntity; in class Landroidx/compose/animation/core/KeyframesSpec$KeyframesSpecConfig; or its super classes (declaration of 'androidx.compose.animation.core.KeyframesSpec$KeyframesSpecConfig' appears in /data/app/~~hlAtvP4ki8I7A--hckvKWQ==/com.rauna.scratcher.prototype.debug-ImbmCuB1upS7kqpLna_4EQ==/base.apk)
E/AndroidRuntime( 6097): 	at androidx.compose.material3.ProgressIndicatorKt$CircularProgressIndicator$endAngle$1.invoke(ProgressIndicator.kt:371)
E/AndroidRuntime( 6097): 	at androidx.compose.material3.ProgressIndicatorKt$CircularProgressIndicator$endAngle$1.invoke(ProgressIndicator.kt:369)
E/AndroidRuntime( 6097): 	at androidx.compose.animation.core.AnimationSpecKt.keyframes(AnimationSpec.kt:649)
E/AndroidRuntime( 6097): 	at androidx.compose.material3.ProgressIndicatorKt.CircularProgressIndicator-LxG7B9w(ProgressIndicator.kt:369)
E/AndroidRuntime( 6097): 	at com.rauna.scratcher.MainActivityKt.ScratchScreen(MainActivity.kt:77)
E/AndroidRuntime( 6097): 	at com.rauna.scratcher.MainActivityKt.access$ScratchScreen(MainActivity.kt:1)
E/AndroidRuntime( 6097): 	at com.rauna.scratcher.ComposableSingletons$MainActivityKt.lambda__868870081$lambda$2$lambda$1(MainActivity.kt:44)
E/AndroidRuntime( 6097): 	at com.rauna.scratcher.ComposableSingletons$MainActivityKt.$r8$lambda$YcZ35Kcnn8iiVutoQMfl345IQKQ(Unknown Source:0)
E/AndroidRuntime( 6097): 	at com.rauna.scratcher.ComposableSingletons$MainActivityKt$$ExternalSyntheticLambda0.invoke(D8$$SyntheticClass:0)
E/AndroidRuntime( 6097): 	at androidx.compose.runtime.internal.ComposableLambdaImpl.invoke(ComposableLambda.jvm.kt:109)
E/AndroidRuntime( 6097): 	at androidx.compose.runtime.internal.ComposableLambdaImpl.invoke(ComposableLambda.jvm.kt:35)
E/AndroidRuntime( 6097): 	at androidx.compose.material3.SurfaceKt$Surface$1.invoke(Surface.kt:132)
E/AndroidRuntime( 6097): 	at androidx.compose.material3.SurfaceKt$Surface$1.invoke(Surface.kt:114)
E/AndroidRuntime( 6097): 	at androidx.compose.runtime.internal.ComposableLambdaImpl.invoke(ComposableLambda.jvm.kt:109)
E/AndroidRuntime( 6097): 	at androidx.compose.runtime.internal.ComposableLambdaImpl.invoke(ComposableLambda.jvm.kt:35)
E/AndroidRuntime( 6097): 	at androidx.compose.runtime.CompositionLocalKt.CompositionLocalProvider(CompositionLocal.kt:228)
E/AndroidRuntime( 6097): 	at androidx.compose.material3.SurfaceKt.Surface-T9BRK9s(Surface.kt:111)
E/AndroidRuntime( 6097): 	at com.rauna.scratcher.ComposableSingletons$MainActivityKt.lambda__868870081$lambda$2(MainActivity.kt:44)
E/AndroidRuntime( 6097): 	at com.rauna.scratcher.ComposableSingletons$MainActivityKt.$r8$lambda$DBydpVH4lO83LvWYVGp2H5KJKd8(Unknown Source:0)
E/AndroidRuntime( 6097): 	at com.rauna.scratcher.ComposableSingletons$MainActivityKt$$ExternalSyntheticLambda4.invoke(D8$$SyntheticClass:0)
E/AndroidRuntime( 6097): 	at androidx.compose.runtime.internal.ComposableLambdaImpl.invoke(ComposableLambda.jvm.kt:109)
E/AndroidRuntime( 6097): 	at androidx.compose.runtime.internal.ComposableLambdaImpl.invoke(ComposableLambda.jvm.kt:35)
E/AndroidRuntime( 6097): 	at androidx.compose.runtime.CompositionLocalKt.CompositionLocalProvider(CompositionLocal.kt:228)
E/AndroidRuntime( 6097): 	at androidx.compose.material3.TextKt.ProvideTextStyle(Text.kt:360)
E/AndroidRuntime( 6097): 	at androidx.compose.material3.MaterialThemeKt$MaterialTheme$1.invoke(MaterialTheme.kt:81)
E/AndroidRuntime( 6097): 	at androidx.compose.material3.MaterialThemeKt$MaterialTheme$1.invoke(MaterialTheme.kt:80)
E/AndroidRuntime( 6097): 	at androidx.compose.runtime.internal.ComposableLambdaImpl.invoke(ComposableLambda.jvm.kt:109)
E/AndroidRuntime( 6097): 	at androidx.compose.runtime.internal.ComposableLambdaImpl.invoke(ComposableLambda.jvm.kt:35)
E/AndroidRuntime( 6097): 	at androidx.compose.runtime.CompositionLocalKt.CompositionLocalProvider(CompositionLocal.kt:228)
E/AndroidRuntime( 6097): 	at androidx.compose.material3.MaterialThemeKt.MaterialTheme(MaterialTheme.kt:73)
E/AndroidRuntime( 6097): 	at com.rauna.scratcher.ComposableSingletons$MainActivityKt.lambda_1381546387$lambda$3(MainActivity.kt:41)
E/AndroidRuntime( 6097): 	at com.rauna.scratcher.ComposableSingletons$MainActivityKt.$r8$lambda$htn4QKTKlmQQuxUQZPg-z7aceGA(Unknown Source:0)
E/AndroidRuntime( 6097): 	at com.rauna.scratcher.ComposableSingletons$MainActivityKt$$ExternalSyntheticLambda7.invoke(D8$$SyntheticClass:0)
E/AndroidRuntime( 6097): 	at androidx.compose.runtime.internal.ComposableLambdaImpl.invoke(ComposableLambda.jvm.kt:109)
E/AndroidRuntime( 6097): 	at androidx.compose.runtime.internal.ComposableLambdaImpl.invoke(ComposableLambda.jvm.kt:35)
E/AndroidRuntime( 6097): 	at androidx.compose.ui.platform.ComposeView.Content(ComposeView.android.kt:428)
E/AndroidRuntime( 6097): 	at androidx.compose.ui.platform.AbstractComposeView$ensureCompositionCreated$1.invoke(ComposeView.android.kt:252)
E/AndroidRuntime( 6097): 	at androidx.compose.ui.platform.AbstractComposeView$ensureCompositionCreated$1.invoke(ComposeView.android.kt:251)
E/AndroidRuntime( 6097): 	at androidx.compose.runtime.internal.ComposableLambdaImpl.invoke(ComposableLambda.jvm.kt:109)
E/AndroidRuntime( 6097): 	at androidx.compose.runtime.internal.ComposableLambdaImpl.invoke(ComposableLambda.jvm.kt:35)
E/AndroidRuntime( 6097): 	at androidx.compose.runtime.CompositionLocalKt.CompositionLocalProvider(CompositionLocal.kt:228)
E/AndroidRuntime( 6097): 	at androidx.compose.ui.platform.CompositionLocalsKt.ProvideCommonCompositionLocals(CompositionLocals.kt:186)
E/AndroidRuntime( 6097): 	at androidx.compose.ui.platform.AndroidCompositionLocals_androidKt$ProvideAndroidCompositionLocals$3.invoke(AndroidCompositionLocals.android.kt:119)
E/AndroidRuntime( 6097): 	at androidx.compose.ui.platform.AndroidCompositionLocals_androidKt$ProvideAndroidCompositionLocals$3.invoke(AndroidCompositionLocals.android.kt:118)
E/AndroidRuntime( 6097): 	at androidx.compose.runtime.internal.ComposableLambdaImpl.invoke(ComposableLambda.jvm.kt:109)
E/AndroidRuntime( 6097): 	at androidx.compose.runtime.internal.ComposableLambdaImpl.invoke(ComposableLambda.jvm.kt:35)
E/AndroidRuntime( 6097): 	at androidx.compose.runtime.CompositionLocalKt.CompositionLocalProvider(CompositionLocal.kt:228)
E/AndroidRuntime( 6097): 	at androidx.compose.ui.platform.AndroidCompositionLocals_androidKt.ProvideAndroidCompositionLocals(AndroidCompositionLocals.android.kt:110)
E/AndroidRuntime( 6097): 	at androidx.compose.ui.platform.WrappedComposition$setContent$1$1$2.invoke(Wrapper.android.kt:139)
E/AndroidRuntime( 6097): 	at androidx.compose.ui.platform.WrappedComposition$setContent$1$1$2.invoke(Wrapper.android.kt:138)
E/AndroidRuntime( 6097): 	at androidx.compose.runtime.internal.ComposableLambdaImpl.invoke(ComposableLambda.jvm.kt:109)
E/AndroidRuntime( 6097): 	at androidx.compose.runtime.internal.ComposableLambdaImpl.invoke(ComposableLambda.jvm.kt:35)
E/AndroidRuntime( 6097): 	at androidx.compose.runtime.CompositionLocalKt.CompositionLocalProvider(CompositionLocal.kt:248)
E/AndroidRuntime( 6097): 	at androidx.compose.ui.platform.WrappedComposition$setContent$1$1.invoke(Wrapper.android.kt:138)
E/AndroidRuntime( 6097): 	at androidx.compose.ui.platform.WrappedComposition$setContent$1$1.invoke(Wrapper.android.kt:123)
E/AndroidRuntime( 6097): 	at androidx.compose.runtime.internal.ComposableLambdaImpl.invoke(ComposableLambda.jvm.kt:109)
E/AndroidRuntime( 6097): 	at androidx.compose.runtime.internal.ComposableLambdaImpl.invoke(ComposableLambda.jvm.kt:35)
E/AndroidRuntime( 6097): 	at androidx.compose.runtime.ActualJvm_jvmKt.invokeComposable(ActualJvm.jvm.kt:90)
E/AndroidRuntime( 6097): 	at androidx.compose.runtime.ComposerImpl.doCompose(Composer.kt:3302)
E/AndroidRuntime( 6097): 	at androidx.compose.runtime.ComposerImpl.composeContent$runtime_release(Composer.kt:3235)
E/AndroidRuntime( 6097): 	at androidx.compose.runtime.CompositionImpl.composeContent(Composition.kt:723)
E/AndroidRuntime( 6097): 	at androidx.compose.runtime.Recomposer.composeInitial$runtime_release(Recomposer.kt:1071)
E/AndroidRuntime( 6097): 	at androidx.compose.runtime.CompositionImpl.composeInitial(Composition.kt:631)
E/AndroidRuntime( 6097): 	at androidx.compose.runtime.CompositionImpl.setContent(Composition.kt:617)
E/AndroidRuntime( 6097): 	at androidx.compose.ui.platform.WrappedComposition$setContent$1.invoke(Wrapper.android.kt:123)
E/AndroidRuntime( 6097): 	at androidx.compose.ui.platform.WrappedComposition$setContent$1.invoke(Wrapper.android.kt:114)
E/AndroidRuntime( 6097): 	at androidx.compose.ui.platform.AndroidComposeView.setOnViewTreeOwnersAvailable(AndroidComposeView.android.kt:1289)
E/AndroidRuntime( 6097): 	at androidx.compose.ui.platform.WrappedComposition.setContent(Wrapper.android.kt:114)
E/AndroidRuntime( 6097): 	at androidx.compose.ui.platform.WrappedComposition.onStateChanged(Wrapper.android.kt:164)
E/AndroidRuntime( 6097): 	at androidx.lifecycle.LifecycleRegistry$ObserverWithState.dispatchEvent(LifecycleRegistry.kt:322)
E/AndroidRuntime( 6097): 	at androidx.lifecycle.LifecycleRegistry.addObserver(LifecycleRegistry.kt:199)
E/AndroidRuntime( 6097): 	at androidx.compose.ui.platform.WrappedComposition$setContent$1.invoke(Wrapper.android.kt:121)
E/AndroidRuntime( 6097): 	at androidx.compose.ui.platform.WrappedComposition$setContent$1.invoke(Wrapper.android.kt:114)
E/AndroidRuntime( 6097): 	at androidx.compose.ui.platform.AndroidComposeView.onAttachedToWindow(AndroidComposeView.android.kt:1364)
E/AndroidRuntime( 6097): 	at android.view.View.dispatchAttachedToWindow(View.java:23294)
E/AndroidRuntime( 6097): 	at android.view.ViewGroup.dispatchAttachedToWindow(ViewGroup.java:3517)
E/AndroidRuntime( 6097): 	at android.view.ViewGroup.dispatchAttachedToWindow(ViewGroup.java:3524)
E/AndroidRuntime( 6097): 	at android.view.ViewGroup.dispatchAttachedToWindow(ViewGroup.java:3524)
E/AndroidRuntime( 6097): 	at android.view.ViewGroup.dispatchAttachedToWindow(ViewGroup.java:3524)
E/AndroidRuntime( 6097): 	at android.view.ViewGroup.dispatchAttachedToWindow(ViewGroup.java:3524)
E/AndroidRuntime( 6097): 	at android.view.ViewRootImpl.performTraversals(ViewRootImpl.java:3667)
E/AndroidRuntime( 6097): 	at android.view.ViewRootImpl.doTraversal(ViewRootImpl.java:3127)
E/AndroidRuntime( 6097): 	at android.view.ViewRootImpl$TraversalRunnable.run(ViewRootImpl.java:10807)
E/AndroidRuntime( 6097): 	at android.view.Choreographer$CallbackRecord.run(Choreographer.java:1630)
E/AndroidRuntime( 6097): 	at android.view.Choreographer$CallbackRecord.run(Choreographer.java:1639)
E/AndroidRuntime( 6097): 	at android.view.Choreographer.doCallbacks(Choreographer.java:1235)
E/AndroidRuntime( 6097): 	at android.view.Choreographer.doFrame(Choreographer.java:1164)
E/AndroidRuntime( 6097): 	at android.view.Choreographer$FrameDisplayEventReceiver.run(Choreographer.java:1613)
E/AndroidRuntime( 6097): 	at android.os.Handler.handleCallback(Handler.java:1070)
E/AndroidRuntime( 6097): 	at android.os.Handler.dispatchMessage(Handler.java:125)
E/AndroidRuntime( 6097): 	at android.os.Looper.dispatchMessage(Looper.java:333)
E/AndroidRuntime( 6097): 	at android.os.Looper.loopOnce(Looper.java:263)
E/AndroidRuntime( 6097): 	at android.os.Looper.loop(Looper.java:367)
E/AndroidRuntime( 6097): 	at android.app.ActivityThread.main(ActivityThread.java:9287)
E/AndroidRuntime( 6097): 	at java.lang.reflect.Method.invoke(Native Method)
E/AndroidRuntime( 6097): 	at com.android.internal.os.RuntimeInit$MethodAndArgsCaller.run(RuntimeInit.java:566)
E/AndroidRuntime( 6097): 	at com.android.internal.os.ZygoteInit.main(ZygoteInit.java:929)
E/AndroidRuntime( 6182): FATAL EXCEPTION: main
E/AndroidRuntime( 6182): Process: com.rauna.scratcher.prototype.debug, PID: 6182
E/AndroidRuntime( 6182): java.lang.NoSuchMethodError: No virtual method at(Ljava/lang/Object;I)Landroidx/compose/animation/core/KeyframesSpec$KeyframeEntity; in class Landroidx/compose/animation/core/KeyframesSpec$KeyframesSpecConfig; or its super classes (declaration of 'androidx.compose.animation.core.KeyframesSpec$KeyframesSpecConfig' appears in /data/app/~~hlAtvP4ki8I7A--hckvKWQ==/com.rauna.scratcher.prototype.debug-ImbmCuB1upS7kqpLna_4EQ==/base.apk)
E/AndroidRuntime( 6182): 	at androidx.compose.material3.ProgressIndicatorKt$CircularProgressIndicator$endAngle$1.invoke(ProgressIndicator.kt:371)
E/AndroidRuntime( 6182): 	at androidx.compose.material3.ProgressIndicatorKt$CircularProgressIndicator$endAngle$1.invoke(ProgressIndicator.kt:369)
E/AndroidRuntime( 6182): 	at androidx.compose.animation.core.AnimationSpecKt.keyframes(AnimationSpec.kt:649)
E/AndroidRuntime( 6182): 	at androidx.compose.material3.ProgressIndicatorKt.CircularProgressIndicator-LxG7B9w(ProgressIndicator.kt:369)
E/AndroidRuntime( 6182): 	at com.rauna.scratcher.MainActivityKt.ScratchScreen(MainActivity.kt:77)
E/AndroidRuntime( 6182): 	at com.rauna.scratcher.MainActivityKt.access$ScratchScreen(MainActivity.kt:1)
E/AndroidRuntime( 6182): 	at com.rauna.scratcher.ComposableSingletons$MainActivityKt.lambda__868870081$lambda$2$lambda$1(MainActivity.kt:44)
E/AndroidRuntime( 6182): 	at com.rauna.scratcher.ComposableSingletons$MainActivityKt.$r8$lambda$YcZ35Kcnn8iiVutoQMfl345IQKQ(Unknown Source:0)
E/AndroidRuntime( 6182): 	at com.rauna.scratcher.ComposableSingletons$MainActivityKt$$ExternalSyntheticLambda0.invoke(D8$$SyntheticClass:0)
E/AndroidRuntime( 6182): 	at androidx.compose.runtime.internal.ComposableLambdaImpl.invoke(ComposableLambda.jvm.kt:109)
E/AndroidRuntime( 6182): 	at androidx.compose.runtime.internal.ComposableLambdaImpl.invoke(ComposableLambda.jvm.kt:35)
E/AndroidRuntime( 6182): 	at androidx.compose.material3.SurfaceKt$Surface$1.invoke(Surface.kt:132)
E/AndroidRuntime( 6182): 	at androidx.compose.material3.SurfaceKt$Surface$1.invoke(Surface.kt:114)
E/AndroidRuntime( 6182): 	at androidx.compose.runtime.internal.ComposableLambdaImpl.invoke(ComposableLambda.jvm.kt:109)
E/AndroidRuntime( 6182): 	at androidx.compose.runtime.internal.ComposableLambdaImpl.invoke(ComposableLambda.jvm.kt:35)
E/AndroidRuntime( 6182): 	at androidx.compose.runtime.CompositionLocalKt.CompositionLocalProvider(CompositionLocal.kt:228)
E/AndroidRuntime( 6182): 	at androidx.compose.material3.SurfaceKt.Surface-T9BRK9s(Surface.kt:111)
E/AndroidRuntime( 6182): 	at com.rauna.scratcher.ComposableSingletons$MainActivityKt.lambda__868870081$lambda$2(MainActivity.kt:44)
E/AndroidRuntime( 6182): 	at com.rauna.scratcher.ComposableSingletons$MainActivityKt.$r8$lambda$DBydpVH4lO83LvWYVGp2H5KJKd8(Unknown Source:0)
E/AndroidRuntime( 6182): 	at com.rauna.scratcher.ComposableSingletons$MainActivityKt$$ExternalSyntheticLambda4.invoke(D8$$SyntheticClass:0)
E/AndroidRuntime( 6182): 	at androidx.compose.runtime.internal.ComposableLambdaImpl.invoke(ComposableLambda.jvm.kt:109)
E/AndroidRuntime( 6182): 	at androidx.compose.runtime.internal.ComposableLambdaImpl.invoke(ComposableLambda.jvm.kt:35)
E/AndroidRuntime( 6182): 	at androidx.compose.runtime.CompositionLocalKt.CompositionLocalProvider(CompositionLocal.kt:228)
E/AndroidRuntime( 6182): 	at androidx.compose.material3.TextKt.ProvideTextStyle(Text.kt:360)
E/AndroidRuntime( 6182): 	at androidx.compose.material3.MaterialThemeKt$MaterialTheme$1.invoke(MaterialTheme.kt:81)
E/AndroidRuntime( 6182): 	at androidx.compose.material3.MaterialThemeKt$MaterialTheme$1.invoke(MaterialTheme.kt:80)
E/AndroidRuntime( 6182): 	at androidx.compose.runtime.internal.ComposableLambdaImpl.invoke(ComposableLambda.jvm.kt:109)
E/AndroidRuntime( 6182): 	at androidx.compose.runtime.internal.ComposableLambdaImpl.invoke(ComposableLambda.jvm.kt:35)
E/AndroidRuntime( 6182): 	at androidx.compose.runtime.CompositionLocalKt.CompositionLocalProvider(CompositionLocal.kt:228)
E/AndroidRuntime( 6182): 	at androidx.compose.material3.MaterialThemeKt.MaterialTheme(MaterialTheme.kt:73)
E/AndroidRuntime( 6182): 	at com.rauna.scratcher.ComposableSingletons$MainActivityKt.lambda_1381546387$lambda$3(MainActivity.kt:41)
E/AndroidRuntime( 6182): 	at com.rauna.scratcher.ComposableSingletons$MainActivityKt.$r8$lambda$htn4QKTKlmQQuxUQZPg-z7aceGA(Unknown Source:0)
E/AndroidRuntime( 6182): 	at com.rauna.scratcher.ComposableSingletons$MainActivityKt$$ExternalSyntheticLambda7.invoke(D8$$SyntheticClass:0)
E/AndroidRuntime( 6182): 	at androidx.compose.runtime.internal.ComposableLambdaImpl.invoke(ComposableLambda.jvm.kt:109)
E/AndroidRuntime( 6182): 	at androidx.compose.runtime.internal.ComposableLambdaImpl.invoke(ComposableLambda.jvm.kt:35)
E/AndroidRuntime( 6182): 	at androidx.compose.ui.platform.ComposeView.Content(ComposeView.android.kt:428)
E/AndroidRuntime( 6182): 	at androidx.compose.ui.platform.AbstractComposeView$ensureCompositionCreated$1.invoke(ComposeView.android.kt:252)
E/AndroidRuntime( 6182): 	at androidx.compose.ui.platform.AbstractComposeView$ensureCompositionCreated$1.invoke(ComposeView.android.kt:251)
E/AndroidRuntime( 6182): 	at androidx.compose.runtime.internal.ComposableLambdaImpl.invoke(ComposableLambda.jvm.kt:109)
E/AndroidRuntime( 6182): 	at androidx.compose.runtime.internal.ComposableLambdaImpl.invoke(ComposableLambda.jvm.kt:35)
E/AndroidRuntime( 6182): 	at androidx.compose.runtime.CompositionLocalKt.CompositionLocalProvider(CompositionLocal.kt:228)
E/AndroidRuntime( 6182): 	at androidx.compose.ui.platform.CompositionLocalsKt.ProvideCommonCompositionLocals(CompositionLocals.kt:186)
E/AndroidRuntime( 6182): 	at androidx.compose.ui.platform.AndroidCompositionLocals_androidKt$ProvideAndroidCompositionLocals$3.invoke(AndroidCompositionLocals.android.kt:119)
E/AndroidRuntime( 6182): 	at androidx.compose.ui.platform.AndroidCompositionLocals_androidKt$ProvideAndroidCompositionLocals$3.invoke(AndroidCompositionLocals.android.kt:118)
E/AndroidRuntime( 6182): 	at androidx.compose.runtime.internal.ComposableLambdaImpl.invoke(ComposableLambda.jvm.kt:109)
E/AndroidRuntime( 6182): 	at androidx.compose.runtime.internal.ComposableLambdaImpl.invoke(ComposableLambda.jvm.kt:35)
E/AndroidRuntime( 6182): 	at androidx.compose.runtime.CompositionLocalKt.CompositionLocalProvider(CompositionLocal.kt:228)
E/AndroidRuntime( 6182): 	at androidx.compose.ui.platform.AndroidCompositionLocals_androidKt.ProvideAndroidCompositionLocals(AndroidCompositionLocals.android.kt:110)
E/AndroidRuntime( 6182): 	at androidx.compose.ui.platform.WrappedComposition$setContent$1$1$2.invoke(Wrapper.android.kt:139)
E/AndroidRuntime( 6182): 	at androidx.compose.ui.platform.WrappedComposition$setContent$1$1$2.invoke(Wrapper.android.kt:138)
E/AndroidRuntime( 6182): 	at androidx.compose.runtime.internal.ComposableLambdaImpl.invoke(ComposableLambda.jvm.kt:109)
E/AndroidRuntime( 6182): 	at androidx.compose.runtime.internal.ComposableLambdaImpl.invoke(ComposableLambda.jvm.kt:35)
E/AndroidRuntime( 6182): 	at androidx.compose.runtime.CompositionLocalKt.CompositionLocalProvider(CompositionLocal.kt:248)
E/AndroidRuntime( 6182): 	at androidx.compose.ui.platform.WrappedComposition$setContent$1$1.invoke(Wrapper.android.kt:138)
E/AndroidRuntime( 6182): 	at androidx.compose.ui.platform.WrappedComposition$setContent$1$1.invoke(Wrapper.android.kt:123)
E/AndroidRuntime( 6182): 	at androidx.compose.runtime.internal.ComposableLambdaImpl.invoke(ComposableLambda.jvm.kt:109)
E/AndroidRuntime( 6182): 	at androidx.compose.runtime.internal.ComposableLambdaImpl.invoke(ComposableLambda.jvm.kt:35)
E/AndroidRuntime( 6182): 	at androidx.compose.runtime.ActualJvm_jvmKt.invokeComposable(ActualJvm.jvm.kt:90)
E/AndroidRuntime( 6182): 	at androidx.compose.runtime.ComposerImpl.doCompose(Composer.kt:3302)
E/AndroidRuntime( 6182): 	at androidx.compose.runtime.ComposerImpl.composeContent$runtime_release(Composer.kt:3235)
E/AndroidRuntime( 6182): 	at androidx.compose.runtime.CompositionImpl.composeContent(Composition.kt:723)
E/AndroidRuntime( 6182): 	at androidx.compose.runtime.Recomposer.composeInitial$runtime_release(Recomposer.kt:1071)
E/AndroidRuntime( 6182): 	at androidx.compose.runtime.CompositionImpl.composeInitial(Composition.kt:631)
E/AndroidRuntime( 6182): 	at androidx.compose.runtime.CompositionImpl.setContent(Composition.kt:617)
E/AndroidRuntime( 6182): 	at androidx.compose.ui.platform.WrappedComposition$setContent$1.invoke(Wrapper.android.kt:123)
E/AndroidRuntime( 6182): 	at androidx.compose.ui.platform.WrappedComposition$setContent$1.invoke(Wrapper.android.kt:114)
E/AndroidRuntime( 6182): 	at androidx.compose.ui.platform.AndroidComposeView.setOnViewTreeOwnersAvailable(AndroidComposeView.android.kt:1289)
E/AndroidRuntime( 6182): 	at androidx.compose.ui.platform.WrappedComposition.setContent(Wrapper.android.kt:114)
E/AndroidRuntime( 6182): 	at androidx.compose.ui.platform.WrappedComposition.onStateChanged(Wrapper.android.kt:164)
E/AndroidRuntime( 6182): 	at androidx.lifecycle.LifecycleRegistry$ObserverWithState.dispatchEvent(LifecycleRegistry.kt:322)
E/AndroidRuntime( 6182): 	at androidx.lifecycle.LifecycleRegistry.addObserver(LifecycleRegistry.kt:199)
E/AndroidRuntime( 6182): 	at androidx.compose.ui.platform.WrappedComposition$setContent$1.invoke(Wrapper.android.kt:121)
E/AndroidRuntime( 6182): 	at androidx.compose.ui.platform.WrappedComposition$setContent$1.invoke(Wrapper.android.kt:114)
E/AndroidRuntime( 6182): 	at androidx.compose.ui.platform.AndroidComposeView.onAttachedToWindow(AndroidComposeView.android.kt:1364)
E/AndroidRuntime( 6182): 	at android.view.View.dispatchAttachedToWindow(View.java:23294)
E/AndroidRuntime( 6182): 	at android.view.ViewGroup.dispatchAttachedToWindow(ViewGroup.java:3517)
E/AndroidRuntime( 6182): 	at android.view.ViewGroup.dispatchAttachedToWindow(ViewGroup.java:3524)
E/AndroidRuntime( 6182): 	at android.view.ViewGroup.dispatchAttachedToWindow(ViewGroup.java:3524)
E/AndroidRuntime( 6182): 	at android.view.ViewGroup.dispatchAttachedToWindow(ViewGroup.java:3524)
E/AndroidRuntime( 6182): 	at android.view.ViewGroup.dispatchAttachedToWindow(ViewGroup.java:3524)
E/AndroidRuntime( 6182): 	at android.view.ViewRootImpl.performTraversals(ViewRootImpl.java:3667)
E/AndroidRuntime( 6182): 	at android.view.ViewRootImpl.doTraversal(ViewRootImpl.java:3127)
E/AndroidRuntime( 6182): 	at android.view.ViewRootImpl$TraversalRunnable.run(ViewRootImpl.java:10807)
E/AndroidRuntime( 6182): 	at android.view.Choreographer$CallbackRecord.run(Choreographer.java:1630)
E/AndroidRuntime( 6182): 	at android.view.Choreographer$CallbackRecord.run(Choreographer.java:1639)
E/AndroidRuntime( 6182): 	at android.view.Choreographer.doCallbacks(Choreographer.java:1235)
E/AndroidRuntime( 6182): 	at android.view.Choreographer.doFrame(Choreographer.java:1164)
E/AndroidRuntime( 6182): 	at android.view.Choreographer$FrameDisplayEventReceiver.run(Choreographer.java:1613)
E/AndroidRuntime( 6182): 	at android.os.Handler.handleCallback(Handler.java:1070)
E/AndroidRuntime( 6182): 	at android.os.Handler.dispatchMessage(Handler.java:125)
E/AndroidRuntime( 6182): 	at android.os.Looper.dispatchMessage(Looper.java:333)
E/AndroidRuntime( 6182): 	at android.os.Looper.loopOnce(Looper.java:263)
E/AndroidRuntime( 6182): 	at android.os.Looper.loop(Looper.java:367)
E/AndroidRuntime( 6182): 	at android.app.ActivityThread.main(ActivityThread.java:9287)
E/AndroidRuntime( 6182): 	at java.lang.reflect.Method.invoke(Native Method)
E/AndroidRuntime( 6182): 	at com.android.internal.os.RuntimeInit$MethodAndArgsCaller.run(RuntimeInit.java:566)
E/AndroidRuntime( 6182): 	at com.android.internal.os.ZygoteInit.main(ZygoteInit.java:929)
