To honour the JVM settings for this build a single-use Daemon process will be forked. For more on this, please refer to https://docs.gradle.org/8.13/userguide/gradle_daemon.html#sec:disabling_the_daemon in the Gradle documentation.
Daemon will be stopped at the end of the build 
> Task :app:checkKotlinGradlePluginConfigurationErrors SKIPPED
> Task :app:preBuild UP-TO-DATE
> Task :app:preDebugBuild UP-TO-DATE
> Task :app:checkDebugAarMetadata
> Task :app:processDebugNavigationResources
> Task :app:compileDebugNavigationResources
> Task :app:generateDebugResValues
> Task :app:mapDebugSourceSetPaths
> Task :app:generateDebugResources
> Task :app:mergeDebugResources
> Task :app:packageDebugResources
> Task :app:parseDebugLocalResources
> Task :app:createDebugCompatibleScreenManifests
> Task :app:extractDeepLinksDebug
> Task :app:processDebugMainManifest
> Task :app:processDebugManifest
> Task :app:processDebugManifestForPackage
> Task :app:processDebugResources
> Task :app:compileDebugKotlin
> Task :app:javaPreCompileDebug
> Task :app:compileDebugJavaWithJavac NO-SOURCE
> Task :app:bundleDebugClassesToRuntimeJar
> Task :app:bundleDebugClassesToCompileJar
> Task :app:compileDebugUnitTestKotlin
> Task :app:preDebugUnitTestBuild UP-TO-DATE
> Task :app:javaPreCompileDebugUnitTest
> Task :app:compileDebugUnitTestJavaWithJavac NO-SOURCE
> Task :app:processDebugJavaRes
> Task :app:processDebugUnitTestJavaRes
> Task :app:testDebugUnitTest
> Task :app:preDebugAndroidTestBuild SKIPPED
> Task :app:generateDebugAndroidTestResValues
> Task :app:generateDebugAndroidTestLintModel
> Task :app:extractProguardFiles
> Task :app:generateDebugLintReportModel
> Task :app:generateDebugUnitTestLintModel
> Task :app:lintAnalyzeDebug
> Task :app:lintAnalyzeDebugAndroidTest
> Task :app:lintAnalyzeDebugUnitTest

> Task :app:lintReportDebug
Wrote HTML report to file:///C:/Users/rauna/Desktop/Games/Game1/app/build/reports/lint-results-debug.html

> Task :app:lintDebug
> Task :app:mergeDebugNativeDebugMetadata NO-SOURCE
> Task :app:mergeDebugShaders
> Task :app:compileDebugShaders NO-SOURCE
> Task :app:generateDebugAssets UP-TO-DATE
> Task :app:mergeDebugAssets
> Task :app:compressDebugAssets
> Task :app:desugarDebugFileDependencies
> Task :app:dexBuilderDebug
> Task :app:mergeDebugGlobalSynthetics
> Task :app:mergeDebugJavaResource
> Task :app:checkDebugDuplicateClasses
> Task :app:mergeExtDexDebug
> Task :app:mergeLibDexDebug
> Task :app:mergeProjectDexDebug
> Task :app:mergeDebugJniLibFolders
> Task :app:mergeDebugNativeLibs NO-SOURCE
> Task :app:stripDebugDebugSymbols NO-SOURCE
> Task :app:validateSigningDebug
> Task :app:writeDebugAppMetadata
> Task :app:writeDebugSigningConfigVersions
> Task :app:packageDebug
> Task :app:createDebugApkListingFileRedirect
> Task :app:assembleDebug
> Task :app:checkDebugAndroidTestAarMetadata
> Task :app:processDebugAndroidTestNavigationResources
> Task :app:compileDebugAndroidTestNavigationResources
> Task :app:mapDebugAndroidTestSourceSetPaths
> Task :app:generateDebugAndroidTestResources
> Task :app:mergeDebugAndroidTestResources
> Task :app:processDebugAndroidTestManifest
> Task :app:processDebugAndroidTestResources
> Task :app:compileDebugAndroidTestKotlin
> Task :app:javaPreCompileDebugAndroidTest
> Task :app:compileDebugAndroidTestJavaWithJavac NO-SOURCE
> Task :app:mergeDebugAndroidTestShaders
> Task :app:compileDebugAndroidTestShaders NO-SOURCE
> Task :app:generateDebugAndroidTestAssets UP-TO-DATE
> Task :app:mergeDebugAndroidTestAssets
> Task :app:compressDebugAndroidTestAssets
> Task :app:desugarDebugAndroidTestFileDependencies
> Task :app:dexBuilderDebugAndroidTest
> Task :app:mergeDebugAndroidTestGlobalSynthetics
> Task :app:processDebugAndroidTestJavaRes
> Task :app:mergeDebugAndroidTestJavaResource
> Task :app:checkDebugAndroidTestDuplicateClasses
> Task :app:mergeExtDexDebugAndroidTest
> Task :app:mergeLibDexDebugAndroidTest
> Task :app:mergeProjectDexDebugAndroidTest
> Task :app:mergeDebugAndroidTestJniLibFolders
> Task :app:mergeDebugAndroidTestNativeLibs NO-SOURCE
> Task :app:stripDebugAndroidTestDebugSymbols NO-SOURCE
> Task :app:validateSigningDebugAndroidTest
> Task :app:writeDebugAndroidTestSigningConfigVersions
> Task :app:packageDebugAndroidTest
> Task :app:createDebugAndroidTestApkListingFileRedirect
> Task :app:assembleDebugAndroidTest

BUILD SUCCESSFUL in 6m 36s
78 actionable tasks: 78 executed
