INSTRUMENTATION_STATUS: class=com.rauna.sudoku.GamePersistenceTest
INSTRUMENTATION_STATUS: current=1
INSTRUMENTATION_STATUS: id=AndroidJUnitRunner
INSTRUMENTATION_STATUS: numtests=3
INSTRUMENTATION_STATUS: stream=
com.rauna.sudoku.GamePersistenceTest:
INSTRUMENTATION_STATUS: test=replacementAndHistoryClearingPreserveCorrectSessions
INSTRUMENTATION_STATUS_CODE: 1
INSTRUMENTATION_STATUS: class=com.rauna.sudoku.GamePersistenceTest
INSTRUMENTATION_STATUS: current=1
INSTRUMENTATION_STATUS: id=AndroidJUnitRunner
INSTRUMENTATION_STATUS: numtests=3
INSTRUMENTATION_STATUS: stack=java.lang.IllegalArgumentException: Failed requirement.
	at com.rauna.sudoku.data.local.Converters.encodeValues(Converters.kt:8)
	at com.rauna.sudoku.data.game.GameMappersKt.toEntity(GameMappers.kt:35)
	at com.rauna.sudoku.GamePersistenceTest$replacementAndHistoryClearingPreserveCorrectSessions$1.invokeSuspend(GamePersistenceTest.kt:32)
	at kotlin.coroutines.jvm.internal.BaseContinuationImpl.resumeWith(ContinuationImpl.kt:33)
	at kotlinx.coroutines.DispatchedTask.run(DispatchedTask.kt:104)
	at kotlinx.coroutines.EventLoopImplBase.processNextEvent(EventLoop.common.kt:277)
	at kotlinx.coroutines.BlockingCoroutine.joinBlocking(Builders.kt:95)
	at kotlinx.coroutines.BuildersKt__BuildersKt.runBlocking(Builders.kt:69)
	at kotlinx.coroutines.BuildersKt.runBlocking(Unknown Source:1)
	at kotlinx.coroutines.BuildersKt__BuildersKt.runBlocking$default(Builders.kt:48)
	at kotlinx.coroutines.BuildersKt.runBlocking$default(Unknown Source:1)
	at com.rauna.sudoku.GamePersistenceTest.replacementAndHistoryClearingPreserveCorrectSessions(GamePersistenceTest.kt:20)

INSTRUMENTATION_STATUS: stream=
Error in replacementAndHistoryClearingPreserveCorrectSessions(com.rauna.sudoku.GamePersistenceTest):
java.lang.IllegalArgumentException: Failed requirement.
	at com.rauna.sudoku.data.local.Converters.encodeValues(Converters.kt:8)
	at com.rauna.sudoku.data.game.GameMappersKt.toEntity(GameMappers.kt:35)
	at com.rauna.sudoku.GamePersistenceTest$replacementAndHistoryClearingPreserveCorrectSessions$1.invokeSuspend(GamePersistenceTest.kt:32)
	at kotlin.coroutines.jvm.internal.BaseContinuationImpl.resumeWith(ContinuationImpl.kt:33)
	at kotlinx.coroutines.DispatchedTask.run(DispatchedTask.kt:104)
	at kotlinx.coroutines.EventLoopImplBase.processNextEvent(EventLoop.common.kt:277)
	at kotlinx.coroutines.BlockingCoroutine.joinBlocking(Builders.kt:95)
	at kotlinx.coroutines.BuildersKt__BuildersKt.runBlocking(Builders.kt:69)
	at kotlinx.coroutines.BuildersKt.runBlocking(Unknown Source:1)
	at kotlinx.coroutines.BuildersKt__BuildersKt.runBlocking$default(Builders.kt:48)
	at kotlinx.coroutines.BuildersKt.runBlocking$default(Unknown Source:1)
	at com.rauna.sudoku.GamePersistenceTest.replacementAndHistoryClearingPreserveCorrectSessions(GamePersistenceTest.kt:20)

INSTRUMENTATION_STATUS: test=replacementAndHistoryClearingPreserveCorrectSessions
INSTRUMENTATION_STATUS_CODE: -2
INSTRUMENTATION_STATUS: class=com.rauna.sudoku.GamePersistenceTest
INSTRUMENTATION_STATUS: current=2
INSTRUMENTATION_STATUS: id=AndroidJUnitRunner
INSTRUMENTATION_STATUS: numtests=3
INSTRUMENTATION_STATUS: stream=
INSTRUMENTATION_STATUS: test=completedSessionLeavesActiveQueryAndRetainsOneHistoryRow
INSTRUMENTATION_STATUS_CODE: 1
INSTRUMENTATION_STATUS: class=com.rauna.sudoku.GamePersistenceTest
INSTRUMENTATION_STATUS: current=2
INSTRUMENTATION_STATUS: id=AndroidJUnitRunner
INSTRUMENTATION_STATUS: numtests=3
INSTRUMENTATION_STATUS: stack=java.lang.IllegalArgumentException: Failed requirement.
	at com.rauna.sudoku.data.local.Converters.encodeValues(Converters.kt:8)
	at com.rauna.sudoku.data.game.GameMappersKt.toEntity(GameMappers.kt:35)
	at com.rauna.sudoku.GamePersistenceTest$completedSessionLeavesActiveQueryAndRetainsOneHistoryRow$1.invokeSuspend(GamePersistenceTest.kt:55)
	at kotlin.coroutines.jvm.internal.BaseContinuationImpl.resumeWith(ContinuationImpl.kt:33)
	at kotlinx.coroutines.DispatchedTask.run(DispatchedTask.kt:104)
	at kotlinx.coroutines.EventLoopImplBase.processNextEvent(EventLoop.common.kt:277)
	at kotlinx.coroutines.BlockingCoroutine.joinBlocking(Builders.kt:95)
	at kotlinx.coroutines.BuildersKt__BuildersKt.runBlocking(Builders.kt:69)
	at kotlinx.coroutines.BuildersKt.runBlocking(Unknown Source:1)
	at kotlinx.coroutines.BuildersKt__BuildersKt.runBlocking$default(Builders.kt:48)
	at kotlinx.coroutines.BuildersKt.runBlocking$default(Unknown Source:1)
	at com.rauna.sudoku.GamePersistenceTest.completedSessionLeavesActiveQueryAndRetainsOneHistoryRow(GamePersistenceTest.kt:48)

INSTRUMENTATION_STATUS: stream=
Error in completedSessionLeavesActiveQueryAndRetainsOneHistoryRow(com.rauna.sudoku.GamePersistenceTest):
java.lang.IllegalArgumentException: Failed requirement.
	at com.rauna.sudoku.data.local.Converters.encodeValues(Converters.kt:8)
	at com.rauna.sudoku.data.game.GameMappersKt.toEntity(GameMappers.kt:35)
	at com.rauna.sudoku.GamePersistenceTest$completedSessionLeavesActiveQueryAndRetainsOneHistoryRow$1.invokeSuspend(GamePersistenceTest.kt:55)
	at kotlin.coroutines.jvm.internal.BaseContinuationImpl.resumeWith(ContinuationImpl.kt:33)
	at kotlinx.coroutines.DispatchedTask.run(DispatchedTask.kt:104)
	at kotlinx.coroutines.EventLoopImplBase.processNextEvent(EventLoop.common.kt:277)
	at kotlinx.coroutines.BlockingCoroutine.joinBlocking(Builders.kt:95)
	at kotlinx.coroutines.BuildersKt__BuildersKt.runBlocking(Builders.kt:69)
	at kotlinx.coroutines.BuildersKt.runBlocking(Unknown Source:1)
	at kotlinx.coroutines.BuildersKt__BuildersKt.runBlocking$default(Builders.kt:48)
	at kotlinx.coroutines.BuildersKt.runBlocking$default(Unknown Source:1)
	at com.rauna.sudoku.GamePersistenceTest.completedSessionLeavesActiveQueryAndRetainsOneHistoryRow(GamePersistenceTest.kt:48)

INSTRUMENTATION_STATUS: test=completedSessionLeavesActiveQueryAndRetainsOneHistoryRow
INSTRUMENTATION_STATUS_CODE: -2
INSTRUMENTATION_STATUS: class=com.rauna.sudoku.HomeScreenTest
INSTRUMENTATION_STATUS: current=3
INSTRUMENTATION_STATUS: id=AndroidJUnitRunner
INSTRUMENTATION_STATUS: numtests=3
INSTRUMENTATION_STATUS: stream=
com.rauna.sudoku.HomeScreenTest:
INSTRUMENTATION_STATUS: test=homeExposesPrimaryActions
INSTRUMENTATION_STATUS_CODE: 1
INSTRUMENTATION_STATUS: class=com.rauna.sudoku.HomeScreenTest
INSTRUMENTATION_STATUS: current=3
INSTRUMENTATION_STATUS: id=AndroidJUnitRunner
INSTRUMENTATION_STATUS: numtests=3
INSTRUMENTATION_STATUS: stack=java.lang.RuntimeException: java.util.concurrent.ExecutionException: java.lang.RuntimeException: java.lang.NoSuchMethodException: android.hardware.input.InputManager.getInstance []
	at androidx.test.espresso.Espresso.onIdle(Espresso.java:18)
	at androidx.test.espresso.Espresso.onIdle(Espresso.java:1)
	at androidx.compose.ui.test.junit4.EspressoLink_androidKt.runEspressoOnIdle(EspressoLink.android.kt:92)
	at androidx.compose.ui.test.junit4.EspressoLink.runUntilIdle(EspressoLink.android.kt:79)
	at androidx.compose.ui.test.AndroidComposeUiTestEnvironment.runTest(ComposeUiTest.android.kt:320)
	at androidx.compose.ui.test.junit4.AndroidComposeTestRule$apply$1.evaluate(AndroidComposeTestRule.android.kt:271)
	at org.junit.runners.ParentRunner$3.evaluate(ParentRunner.java:306)
	at org.junit.runners.BlockJUnit4ClassRunner$1.evaluate(BlockJUnit4ClassRunner.java:100)
	at org.junit.runners.ParentRunner.runLeaf(ParentRunner.java:366)
	at org.junit.runners.BlockJUnit4ClassRunner.runChild(BlockJUnit4ClassRunner.java:103)
	at org.junit.runners.BlockJUnit4ClassRunner.runChild(BlockJUnit4ClassRunner.java:63)
	at org.junit.runners.ParentRunner$4.run(ParentRunner.java:331)
	at org.junit.runners.ParentRunner$1.schedule(ParentRunner.java:79)
	at org.junit.runners.ParentRunner.runChildren(ParentRunner.java:329)
	at org.junit.runners.ParentRunner.access$100(ParentRunner.java:66)
	at org.junit.runners.ParentRunner$2.evaluate(ParentRunner.java:293)
	at org.junit.runners.ParentRunner$3.evaluate(ParentRunner.java:306)
	at org.junit.runners.ParentRunner.run(ParentRunner.java:413)
	at androidx.test.ext.junit.runners.AndroidJUnit4.run(AndroidJUnit4.java:162)
	at org.junit.runners.Suite.runChild(Suite.java:128)
	at org.junit.runners.Suite.runChild(Suite.java:27)
	at org.junit.runners.ParentRunner$4.run(ParentRunner.java:331)
	at org.junit.runners.ParentRunner$1.schedule(ParentRunner.java:79)
	at org.junit.runners.ParentRunner.runChildren(ParentRunner.java:329)
	at org.junit.runners.ParentRunner.access$100(ParentRunner.java:66)
	at org.junit.runners.ParentRunner$2.evaluate(ParentRunner.java:293)
	at org.junit.runners.ParentRunner$3.evaluate(ParentRunner.java:306)
	at org.junit.runners.ParentRunner.run(ParentRunner.java:413)
	at org.junit.runner.JUnitCore.run(JUnitCore.java:137)
	at org.junit.runner.JUnitCore.run(JUnitCore.java:115)
	at androidx.test.internal.runner.TestExecutor.execute(TestExecutor.java:67)
	at androidx.test.internal.runner.TestExecutor.execute(TestExecutor.java:58)
	at androidx.test.runner.AndroidJUnitRunner.onStart(AndroidJUnitRunner.java:446)
	at android.app.Instrumentation$InstrumentationThread.run(Instrumentation.java:2627)
Caused by: java.util.concurrent.ExecutionException: java.lang.RuntimeException: java.lang.NoSuchMethodException: android.hardware.input.InputManager.getInstance []
	at java.util.concurrent.FutureTask.report(FutureTask.java:122)
	at java.util.concurrent.FutureTask.get(FutureTask.java:191)
	at androidx.test.espresso.Espresso.onIdle(Espresso.java:12)
	... 33 more
Caused by: java.lang.RuntimeException: java.lang.NoSuchMethodException: android.hardware.input.InputManager.getInstance []
	at androidx.test.espresso.base.InputManagerEventInjectionStrategy.initialize(InputManagerEventInjectionStrategy.java:28)
	at androidx.test.espresso.base.BaseLayerModule.provideEventInjector(BaseLayerModule.java:4)
	at androidx.test.espresso.base.BaseLayerModule_ProvideEventInjectorFactory.provideEventInjector(BaseLayerModule_ProvideEventInjectorFactory.java:1)
	at androidx.test.espresso.base.BaseLayerModule_ProvideEventInjectorFactory.get(BaseLayerModule_ProvideEventInjectorFactory.java:1)
	at androidx.test.espresso.base.BaseLayerModule_ProvideEventInjectorFactory.get(BaseLayerModule_ProvideEventInjectorFactory.java:2)
	at androidx.test.espresso.core.internal.deps.dagger.internal.DoubleCheck.get(DoubleCheck.java:6)
	at androidx.test.espresso.base.UiControllerImpl_Factory.get(UiControllerImpl_Factory.java:1)
	at androidx.test.espresso.base.UiControllerImpl_Factory.get(UiControllerImpl_Factory.java:2)
	at androidx.test.espresso.core.internal.deps.dagger.internal.DoubleCheck.get(DoubleCheck.java:6)
	at androidx.test.espresso.base.UiControllerModule_ProvideUiControllerFactory.get(UiControllerModule_ProvideUiControllerFactory.java:1)
	at androidx.test.espresso.base.UiControllerModule_ProvideUiControllerFactory.get(UiControllerModule_ProvideUiControllerFactory.java:2)
	at androidx.test.espresso.core.internal.deps.dagger.internal.DoubleCheck.get(DoubleCheck.java:6)
	at androidx.test.espresso.DaggerBaseLayerComponent$BaseLayerComponentImpl.uiController(DaggerBaseLayerComponent.java:1)
	at androidx.test.espresso.Espresso$1.run(Espresso.java:1)
	at java.util.concurrent.Executors$RunnableAdapter.call(Executors.java:520)
	at java.util.concurrent.FutureTask.run(FutureTask.java:317)
	at android.os.Handler.handleCallback(Handler.java:1070)
	at android.os.Handler.dispatchMessage(Handler.java:125)
	at android.os.Looper.dispatchMessage(Looper.java:333)
	at android.os.Looper.loopOnce(Looper.java:263)
	at android.os.Looper.loop(Looper.java:367)
	at android.app.ActivityThread.main(ActivityThread.java:9287)
	at java.lang.reflect.Method.invoke(Native Method)
	at com.android.internal.os.RuntimeInit$MethodAndArgsCaller.run(RuntimeInit.java:566)
	at com.android.internal.os.ZygoteInit.main(ZygoteInit.java:929)
Caused by: java.lang.NoSuchMethodException: android.hardware.input.InputManager.getInstance []
	at java.lang.Class.getMethod(Class.java:2934)
	at java.lang.Class.getDeclaredMethod(Class.java:2913)
	at androidx.test.espresso.base.InputManagerEventInjectionStrategy.initialize(InputManagerEventInjectionStrategy.java:5)
	... 24 more

INSTRUMENTATION_STATUS: stream=
Error in homeExposesPrimaryActions(com.rauna.sudoku.HomeScreenTest):
java.lang.RuntimeException: java.util.concurrent.ExecutionException: java.lang.RuntimeException: java.lang.NoSuchMethodException: android.hardware.input.InputManager.getInstance []
	at androidx.test.espresso.Espresso.onIdle(Espresso.java:18)
	at androidx.test.espresso.Espresso.onIdle(Espresso.java:1)
	at androidx.compose.ui.test.junit4.EspressoLink_androidKt.runEspressoOnIdle(EspressoLink.android.kt:92)
	at androidx.compose.ui.test.junit4.EspressoLink.runUntilIdle(EspressoLink.android.kt:79)
	at androidx.compose.ui.test.AndroidComposeUiTestEnvironment.runTest(ComposeUiTest.android.kt:320)
	at androidx.compose.ui.test.junit4.AndroidComposeTestRule$apply$1.evaluate(AndroidComposeTestRule.android.kt:271)
	at org.junit.runners.ParentRunner$3.evaluate(ParentRunner.java:306)
	at org.junit.runners.BlockJUnit4ClassRunner$1.evaluate(BlockJUnit4ClassRunner.java:100)
	at org.junit.runners.ParentRunner.runLeaf(ParentRunner.java:366)
	at org.junit.runners.BlockJUnit4ClassRunner.runChild(BlockJUnit4ClassRunner.java:103)
	at org.junit.runners.BlockJUnit4ClassRunner.runChild(BlockJUnit4ClassRunner.java:63)
	at org.junit.runners.ParentRunner$4.run(ParentRunner.java:331)
	at org.junit.runners.ParentRunner$1.schedule(ParentRunner.java:79)
	at org.junit.runners.ParentRunner.runChildren(ParentRunner.java:329)
	at org.junit.runners.ParentRunner.access$100(ParentRunner.java:66)
	at org.junit.runners.ParentRunner$2.evaluate(ParentRunner.java:293)
	at org.junit.runners.ParentRunner$3.evaluate(ParentRunner.java:306)
	at org.junit.runners.ParentRunner.run(ParentRunner.java:413)
	at androidx.test.ext.junit.runners.AndroidJUnit4.run(AndroidJUnit4.java:162)
	at org.junit.runners.Suite.runChild(Suite.java:128)
	at org.junit.runners.Suite.runChild(Suite.java:27)
	at org.junit.runners.ParentRunner$4.run(ParentRunner.java:331)
	at org.junit.runners.ParentRunner$1.schedule(ParentRunner.java:79)
	at org.junit.runners.ParentRunner.runChildren(ParentRunner.java:329)
	at org.junit.runners.ParentRunner.access$100(ParentRunner.java:66)
	at org.junit.runners.ParentRunner$2.evaluate(ParentRunner.java:293)
	at org.junit.runners.ParentRunner$3.evaluate(ParentRunner.java:306)
	at org.junit.runners.ParentRunner.run(ParentRunner.java:413)
	at org.junit.runner.JUnitCore.run(JUnitCore.java:137)
	at org.junit.runner.JUnitCore.run(JUnitCore.java:115)
	at androidx.test.internal.runner.TestExecutor.execute(TestExecutor.java:67)
	at androidx.test.internal.runner.TestExecutor.execute(TestExecutor.java:58)
	at androidx.test.runner.AndroidJUnitRunner.onStart(AndroidJUnitRunner.java:446)
	at android.app.Instrumentation$InstrumentationThread.run(Instrumentation.java:2627)
Caused by: java.util.concurrent.ExecutionException: java.lang.RuntimeException: java.lang.NoSuchMethodException: android.hardware.input.InputManager.getInstance []
	at java.util.concurrent.FutureTask.report(FutureTask.java:122)
	at java.util.concurrent.FutureTask.get(FutureTask.java:191)
	at androidx.test.espresso.Espresso.onIdle(Espresso.java:12)
	... 33 more
Caused by: java.lang.RuntimeException: java.lang.NoSuchMethodException: android.hardware.input.InputManager.getInstance []
	at androidx.test.espresso.base.InputManagerEventInjectionStrategy.initialize(InputManagerEventInjectionStrategy.java:28)
	at androidx.test.espresso.base.BaseLayerModule.provideEventInjector(BaseLayerModule.java:4)
	at androidx.test.espresso.base.BaseLayerModule_ProvideEventInjectorFactory.provideEventInjector(BaseLayerModule_ProvideEventInjectorFactory.java:1)
	at androidx.test.espresso.base.BaseLayerModule_ProvideEventInjectorFactory.get(BaseLayerModule_ProvideEventInjectorFactory.java:1)
	at androidx.test.espresso.base.BaseLayerModule_ProvideEventInjectorFactory.get(BaseLayerModule_ProvideEventInjectorFactory.java:2)
	at androidx.test.espresso.core.internal.deps.dagger.internal.DoubleCheck.get(DoubleCheck.java:6)
	at androidx.test.espresso.base.UiControllerImpl_Factory.get(UiControllerImpl_Factory.java:1)
	at androidx.test.espresso.base.UiControllerImpl_Factory.get(UiControllerImpl_Factory.java:2)
	at androidx.test.espresso.core.internal.deps.dagger.internal.DoubleCheck.get(DoubleCheck.java:6)
	at androidx.test.espresso.base.UiControllerModule_ProvideUiControllerFactory.get(UiControllerModule_ProvideUiControllerFactory.java:1)
	at androidx.test.espresso.base.UiControllerModule_ProvideUiControllerFactory.get(UiControllerModule_ProvideUiControllerFactory.java:2)
	at androidx.test.espresso.core.internal.deps.dagger.internal.DoubleCheck.get(DoubleCheck.java:6)
	at androidx.test.espresso.DaggerBaseLayerComponent$BaseLayerComponentImpl.uiController(DaggerBaseLayerComponent.java:1)
	at androidx.test.espresso.Espresso$1.run(Espresso.java:1)
	at java.util.concurrent.Executors$RunnableAdapter.call(Executors.java:520)
	at java.util.concurrent.FutureTask.run(FutureTask.java:317)
	at android.os.Handler.handleCallback(Handler.java:1070)
	at android.os.Handler.dispatchMessage(Handler.java:125)
	at android.os.Looper.dispatchMessage(Looper.java:333)
	at android.os.Looper.loopOnce(Looper.java:263)
	at android.os.Looper.loop(Looper.java:367)
	at android.app.ActivityThread.main(ActivityThread.java:9287)
	at java.lang.reflect.Method.invoke(Native Method)
	at com.android.internal.os.RuntimeInit$MethodAndArgsCaller.run(RuntimeInit.java:566)
	at com.android.internal.os.ZygoteInit.main(ZygoteInit.java:929)
Caused by: java.lang.NoSuchMethodException: android.hardware.input.InputManager.getInstance []
	at java.lang.Class.getMethod(Class.java:2934)
	at java.lang.Class.getDeclaredMethod(Class.java:2913)
	at androidx.test.espresso.base.InputManagerEventInjectionStrategy.initialize(InputManagerEventInjectionStrategy.java:5)
	... 24 more

INSTRUMENTATION_STATUS: test=homeExposesPrimaryActions
INSTRUMENTATION_STATUS_CODE: -2
INSTRUMENTATION_RESULT: stream=

Time: 0.956
There were 3 failures:
1) replacementAndHistoryClearingPreserveCorrectSessions(com.rauna.sudoku.GamePersistenceTest)
java.lang.IllegalArgumentException: Failed requirement.
	at com.rauna.sudoku.data.local.Converters.encodeValues(Converters.kt:8)
	at com.rauna.sudoku.data.game.GameMappersKt.toEntity(GameMappers.kt:35)
	at com.rauna.sudoku.GamePersistenceTest$replacementAndHistoryClearingPreserveCorrectSessions$1.invokeSuspend(GamePersistenceTest.kt:32)
	at kotlin.coroutines.jvm.internal.BaseContinuationImpl.resumeWith(ContinuationImpl.kt:33)
	at kotlinx.coroutines.DispatchedTask.run(DispatchedTask.kt:104)
	at kotlinx.coroutines.EventLoopImplBase.processNextEvent(EventLoop.common.kt:277)
	at kotlinx.coroutines.BlockingCoroutine.joinBlocking(Builders.kt:95)
	at kotlinx.coroutines.BuildersKt__BuildersKt.runBlocking(Builders.kt:69)
	at kotlinx.coroutines.BuildersKt.runBlocking(Unknown Source:1)
	at kotlinx.coroutines.BuildersKt__BuildersKt.runBlocking$default(Builders.kt:48)
	at kotlinx.coroutines.BuildersKt.runBlocking$default(Unknown Source:1)
	at com.rauna.sudoku.GamePersistenceTest.replacementAndHistoryClearingPreserveCorrectSessions(GamePersistenceTest.kt:20)
2) completedSessionLeavesActiveQueryAndRetainsOneHistoryRow(com.rauna.sudoku.GamePersistenceTest)
java.lang.IllegalArgumentException: Failed requirement.
	at com.rauna.sudoku.data.local.Converters.encodeValues(Converters.kt:8)
	at com.rauna.sudoku.data.game.GameMappersKt.toEntity(GameMappers.kt:35)
	at com.rauna.sudoku.GamePersistenceTest$completedSessionLeavesActiveQueryAndRetainsOneHistoryRow$1.invokeSuspend(GamePersistenceTest.kt:55)
	at kotlin.coroutines.jvm.internal.BaseContinuationImpl.resumeWith(ContinuationImpl.kt:33)
	at kotlinx.coroutines.DispatchedTask.run(DispatchedTask.kt:104)
	at kotlinx.coroutines.EventLoopImplBase.processNextEvent(EventLoop.common.kt:277)
	at kotlinx.coroutines.BlockingCoroutine.joinBlocking(Builders.kt:95)
	at kotlinx.coroutines.BuildersKt__BuildersKt.runBlocking(Builders.kt:69)
	at kotlinx.coroutines.BuildersKt.runBlocking(Unknown Source:1)
	at kotlinx.coroutines.BuildersKt__BuildersKt.runBlocking$default(Builders.kt:48)
	at kotlinx.coroutines.BuildersKt.runBlocking$default(Unknown Source:1)
	at com.rauna.sudoku.GamePersistenceTest.completedSessionLeavesActiveQueryAndRetainsOneHistoryRow(GamePersistenceTest.kt:48)
3) homeExposesPrimaryActions(com.rauna.sudoku.HomeScreenTest)
java.lang.RuntimeException: java.util.concurrent.ExecutionException: java.lang.RuntimeException: java.lang.NoSuchMethodException: android.hardware.input.InputManager.getInstance []
	at androidx.test.espresso.Espresso.onIdle(Espresso.java:18)
	at androidx.test.espresso.Espresso.onIdle(Espresso.java:1)
	at androidx.compose.ui.test.junit4.EspressoLink_androidKt.runEspressoOnIdle(EspressoLink.android.kt:92)
	at androidx.compose.ui.test.junit4.EspressoLink.runUntilIdle(EspressoLink.android.kt:79)
	at androidx.compose.ui.test.AndroidComposeUiTestEnvironment.runTest(ComposeUiTest.android.kt:320)
	at androidx.compose.ui.test.junit4.AndroidComposeTestRule$apply$1.evaluate(AndroidComposeTestRule.android.kt:271)
	at org.junit.runners.ParentRunner$3.evaluate(ParentRunner.java:306)
	at org.junit.runners.BlockJUnit4ClassRunner$1.evaluate(BlockJUnit4ClassRunner.java:100)
	at org.junit.runners.ParentRunner.runLeaf(ParentRunner.java:366)
	at org.junit.runners.BlockJUnit4ClassRunner.runChild(BlockJUnit4ClassRunner.java:103)
	at org.junit.runners.BlockJUnit4ClassRunner.runChild(BlockJUnit4ClassRunner.java:63)
	at org.junit.runners.ParentRunner$4.run(ParentRunner.java:331)
	at org.junit.runners.ParentRunner$1.schedule(ParentRunner.java:79)
	at org.junit.runners.ParentRunner.runChildren(ParentRunner.java:329)
	at org.junit.runners.ParentRunner.access$100(ParentRunner.java:66)
	at org.junit.runners.ParentRunner$2.evaluate(ParentRunner.java:293)
	at org.junit.runners.ParentRunner$3.evaluate(ParentRunner.java:306)
	at org.junit.runners.ParentRunner.run(ParentRunner.java:413)
	at androidx.test.ext.junit.runners.AndroidJUnit4.run(AndroidJUnit4.java:162)
	at org.junit.runners.Suite.runChild(Suite.java:128)
	at org.junit.runners.Suite.runChild(Suite.java:27)
	at org.junit.runners.ParentRunner$4.run(ParentRunner.java:331)
	at org.junit.runners.ParentRunner$1.schedule(ParentRunner.java:79)
	at org.junit.runners.ParentRunner.runChildren(ParentRunner.java:329)
	at org.junit.runners.ParentRunner.access$100(ParentRunner.java:66)
	at org.junit.runners.ParentRunner$2.evaluate(ParentRunner.java:293)
	at org.junit.runners.ParentRunner$3.evaluate(ParentRunner.java:306)
	at org.junit.runners.ParentRunner.run(ParentRunner.java:413)
	at org.junit.runner.JUnitCore.run(JUnitCore.java:137)
	at org.junit.runner.JUnitCore.run(JUnitCore.java:115)
	at androidx.test.internal.runner.TestExecutor.execute(TestExecutor.java:67)
	at androidx.test.internal.runner.TestExecutor.execute(TestExecutor.java:58)
	at androidx.test.runner.AndroidJUnitRunner.onStart(AndroidJUnitRunner.java:446)
	at android.app.Instrumentation$InstrumentationThread.run(Instrumentation.java:2627)
Caused by: java.util.concurrent.ExecutionException: java.lang.RuntimeException: java.lang.NoSuchMethodException: android.hardware.input.InputManager.getInstance []
	at java.util.concurrent.FutureTask.report(FutureTask.java:122)
	at java.util.concurrent.FutureTask.get(FutureTask.java:191)
	at androidx.test.espresso.Espresso.onIdle(Espresso.java:12)
	... 33 more
Caused by: java.lang.RuntimeException: java.lang.NoSuchMethodException: android.hardware.input.InputManager.getInstance []
	at androidx.test.espresso.base.InputManagerEventInjectionStrategy.initialize(InputManagerEventInjectionStrategy.java:28)
	at androidx.test.espresso.base.BaseLayerModule.provideEventInjector(BaseLayerModule.java:4)
	at androidx.test.espresso.base.BaseLayerModule_ProvideEventInjectorFactory.provideEventInjector(BaseLayerModule_ProvideEventInjectorFactory.java:1)
	at androidx.test.espresso.base.BaseLayerModule_ProvideEventInjectorFactory.get(BaseLayerModule_ProvideEventInjectorFactory.java:1)
	at androidx.test.espresso.base.BaseLayerModule_ProvideEventInjectorFactory.get(BaseLayerModule_ProvideEventInjectorFactory.java:2)
	at androidx.test.espresso.core.internal.deps.dagger.internal.DoubleCheck.get(DoubleCheck.java:6)
	at androidx.test.espresso.base.UiControllerImpl_Factory.get(UiControllerImpl_Factory.java:1)
	at androidx.test.espresso.base.UiControllerImpl_Factory.get(UiControllerImpl_Factory.java:2)
	at androidx.test.espresso.core.internal.deps.dagger.internal.DoubleCheck.get(DoubleCheck.java:6)
	at androidx.test.espresso.base.UiControllerModule_ProvideUiControllerFactory.get(UiControllerModule_ProvideUiControllerFactory.java:1)
	at androidx.test.espresso.base.UiControllerModule_ProvideUiControllerFactory.get(UiControllerModule_ProvideUiControllerFactory.java:2)
	at androidx.test.espresso.core.internal.deps.dagger.internal.DoubleCheck.get(DoubleCheck.java:6)
	at androidx.test.espresso.DaggerBaseLayerComponent$BaseLayerComponentImpl.uiController(DaggerBaseLayerComponent.java:1)
	at androidx.test.espresso.Espresso$1.run(Espresso.java:1)
	at java.util.concurrent.Executors$RunnableAdapter.call(Executors.java:520)
	at java.util.concurrent.FutureTask.run(FutureTask.java:317)
	at android.os.Handler.handleCallback(Handler.java:1070)
	at android.os.Handler.dispatchMessage(Handler.java:125)
	at android.os.Looper.dispatchMessage(Looper.java:333)
	at android.os.Looper.loopOnce(Looper.java:263)
	at android.os.Looper.loop(Looper.java:367)
	at android.app.ActivityThread.main(ActivityThread.java:9287)
	at java.lang.reflect.Method.invoke(Native Method)
	at com.android.internal.os.RuntimeInit$MethodAndArgsCaller.run(RuntimeInit.java:566)
	at com.android.internal.os.ZygoteInit.main(ZygoteInit.java:929)
Caused by: java.lang.NoSuchMethodException: android.hardware.input.InputManager.getInstance []
	at java.lang.Class.getMethod(Class.java:2934)
	at java.lang.Class.getDeclaredMethod(Class.java:2913)
	at androidx.test.espresso.base.InputManagerEventInjectionStrategy.initialize(InputManagerEventInjectionStrategy.java:5)
	... 24 more

FAILURES!!!
Tests run: 3,  Failures: 3


INSTRUMENTATION_CODE: -1
