To honour the JVM settings for this build a single-use Daemon process will be forked. For more on this, please refer to https://docs.gradle.org/8.14.3/userguide/gradle_daemon.html#sec:disabling_the_daemon in the Gradle documentation.
Daemon will be stopped at the end of the build 
> Task :app:preBuild UP-TO-DATE
> Task :app:preReleaseBuild UP-TO-DATE
> Task :app:mergeReleaseJniLibFolders
> Task :app:mergeReleaseNativeLibs NO-SOURCE
> Task :app:stripReleaseDebugSymbols NO-SOURCE
> Task :app:extractReleaseNativeSymbolTables NO-SOURCE
> Task :app:mergeReleaseNativeDebugMetadata NO-SOURCE
> Task :app:checkReleaseDuplicateClasses
> Task :app:buildKotlinToolingMetadata
> Task :app:checkKotlinGradlePluginConfigurationErrors
> Task :app:generateReleaseBuildConfig
> Task :app:checkReleaseAarMetadata
> Task :app:generateReleaseResValues
> Task :app:mapReleaseSourceSetPaths
> Task :app:generateReleaseResources
> Task :app:mergeReleaseResources
> Task :app:packageReleaseResources
> Task :app:parseReleaseLocalResources
> Task :app:createReleaseCompatibleScreenManifests
> Task :app:extractDeepLinksRelease
> Task :app:processReleaseMainManifest
> Task :app:processReleaseManifest
> Task :app:processReleaseManifestForPackage
> Task :app:processReleaseResources
> Task :app:kaptGenerateStubsReleaseKotlin
> Task :app:kaptReleaseKotlin

> Task :app:compileReleaseKotlin
w: file:///C:/Users/rauna/Desktop/Games/Sudoku/app/src/main/java/com/rauna/sudoku/feature/game/GameScreen.kt:166:86 'ArrowBack: ImageVector' is deprecated. Use the AutoMirrored version at Icons.AutoMirrored.Filled.ArrowBack
w: file:///C:/Users/rauna/Desktop/Games/Sudoku/app/src/main/java/com/rauna/sudoku/feature/game/GameScreen.kt:392:32 'Undo: ImageVector' is deprecated. Use the AutoMirrored version at Icons.AutoMirrored.Filled.Undo
w: file:///C:/Users/rauna/Desktop/Games/Sudoku/app/src/main/java/com/rauna/sudoku/feature/game/GameScreen.kt:395:32 'Backspace: ImageVector' is deprecated. Use the AutoMirrored version at Icons.AutoMirrored.Filled.Backspace
w: file:///C:/Users/rauna/Desktop/Games/Sudoku/app/src/main/java/com/rauna/sudoku/feature/settings/SettingsScreen.kt:119:71 'ArrowBack: ImageVector' is deprecated. Use the AutoMirrored version at Icons.AutoMirrored.Filled.ArrowBack
w: file:///C:/Users/rauna/Desktop/Games/Sudoku/app/src/main/java/com/rauna/sudoku/feature/statistics/StatisticsScreen.kt:56:71 'ArrowBack: ImageVector' is deprecated. Use the AutoMirrored version at Icons.AutoMirrored.Filled.ArrowBack

> Task :app:javaPreCompileRelease
> Task :app:compileReleaseJavaWithJavac
> Task :app:dexBuilderRelease
> Task :app:desugarReleaseFileDependencies
> Task :app:mergeReleaseStartupProfile
> Task :app:mergeExtDexRelease
> Task :app:mergeDexRelease
> Task :app:mergeReleaseArtProfile
> Task :app:mergeReleaseGlobalSynthetics
> Task :app:compileReleaseArtProfile
> Task :app:mergeReleaseShaders
> Task :app:compileReleaseShaders NO-SOURCE
> Task :app:generateReleaseAssets UP-TO-DATE
> Task :app:mergeReleaseAssets
> Task :app:compressReleaseAssets
> Task :app:extractReleaseVersionControlInfo
> Task :app:extractProguardFiles UP-TO-DATE
> Task :app:generateReleaseLintVitalReportModel
> Task :app:lintVitalAnalyzeRelease
> Task :app:lintVitalReportRelease
> Task :app:lintVitalRelease
> Task :app:processReleaseJavaRes
> Task :app:mergeReleaseJavaResource
> Task :app:optimizeReleaseResources
> Task :app:collectReleaseDependencies
> Task :app:sdkReleaseDependencyData
> Task :app:writeReleaseAppMetadata
> Task :app:writeReleaseSigningConfigVersions
> Task :app:packageRelease
> Task :app:createReleaseApkListingFileRedirect
> Task :app:assembleRelease

[Incubating] Problems report is available at: file:///C:/Users/rauna/Desktop/Games/Sudoku/build/reports/problems/problems-report.html

Deprecated Gradle features were used in this build, making it incompatible with Gradle 9.0.

You can use '--warning-mode all' to show the individual deprecation warnings and determine if they come from your own scripts or plugins.

For more on this, please refer to https://docs.gradle.org/8.14.3/userguide/command_line_interface.html#sec:command_line_warnings in the Gradle documentation.

BUILD SUCCESSFUL in 5m
49 actionable tasks: 48 executed, 1 up-to-date
